Component: ARM Compiler 5.06 update 6 (build 750) Tool: armlink [4d35ed]

==============================================================================

Section Cross References

    sys_init.o(i.HAL_Delay) refers to sys_init.o(i.HAL_GetTick) for HAL_GetTick
    sys_init.o(i.HAL_GetTick) refers to sys_init.o(.data) for uwTick
    sys_init.o(i.HAL_IncTick) refers to sys_init.o(.data) for uwTick
    main.o(i.main) refers to fpu_enable.o(.emb_text) for FPU_Enable
    main.o(i.main) refers to system_clk.o(i.system_clk_init) for system_clk_init
    main.o(i.main) refers to hc32f46x_utility.o(i.Ddl_UartInit) for Ddl_UartInit
    main.o(i.main) refers to printf8.o(i.__0printf$8) for __2printf
    main.o(i.main) refers to k_sys.o(i.krhino_init) for krhino_init
    main.o(i.main) refers to hc32f46x_clk.o(i.CLK_GetClockFreq) for CLK_GetClockFreq
    main.o(i.main) refers to rhino_test_nano.o(i.test_certificate) for test_certificate
    main.o(i.main) refers to k_sys.o(i.krhino_start) for krhino_start
    main.o(i.main) refers to main.o(.bss) for Clkdata
    startup_hc32f46x.o(RESET) refers to startup_hc32f46x.o(STACK) for __initial_sp
    startup_hc32f46x.o(RESET) refers to startup_hc32f46x.o(.text) for Reset_Handler
    startup_hc32f46x.o(RESET) refers to hc32f46x_interrupts.o(i.NMI_Handler) for NMI_Handler
    startup_hc32f46x.o(RESET) refers to hc32f46x_interrupts.o(i.HardFault_Handler) for HardFault_Handler
    startup_hc32f46x.o(RESET) refers to hc32f46x_interrupts.o(i.MemManage_Handler) for MemManage_Handler
    startup_hc32f46x.o(RESET) refers to hc32f46x_interrupts.o(i.BusFault_Handler) for BusFault_Handler
    startup_hc32f46x.o(RESET) refers to hc32f46x_interrupts.o(i.UsageFault_Handler) for UsageFault_Handler
    startup_hc32f46x.o(RESET) refers to hc32f46x_interrupts.o(i.SVC_Handler) for SVC_Handler
    startup_hc32f46x.o(RESET) refers to hc32f46x_interrupts.o(i.DebugMon_Handler) for DebugMon_Handler
    startup_hc32f46x.o(RESET) refers to port_s.o(.text) for PendSV_Handler
    startup_hc32f46x.o(RESET) refers to hc32f46x_interrupts.o(i.SysTick_Handler) for SysTick_Handler
    startup_hc32f46x.o(RESET) refers to hc32f46x_interrupts.o(i.IRQ000_Handler) for IRQ000_Handler
    startup_hc32f46x.o(RESET) refers to hc32f46x_interrupts.o(i.IRQ001_Handler) for IRQ001_Handler
    startup_hc32f46x.o(RESET) refers to hc32f46x_interrupts.o(i.IRQ002_Handler) for IRQ002_Handler
    startup_hc32f46x.o(RESET) refers to hc32f46x_interrupts.o(i.IRQ003_Handler) for IRQ003_Handler
    startup_hc32f46x.o(RESET) refers to hc32f46x_interrupts.o(i.IRQ004_Handler) for IRQ004_Handler
    startup_hc32f46x.o(RESET) refers to hc32f46x_interrupts.o(i.IRQ005_Handler) for IRQ005_Handler
    startup_hc32f46x.o(RESET) refers to hc32f46x_interrupts.o(i.IRQ006_Handler) for IRQ006_Handler
    startup_hc32f46x.o(RESET) refers to hc32f46x_interrupts.o(i.IRQ007_Handler) for IRQ007_Handler
    startup_hc32f46x.o(RESET) refers to hc32f46x_interrupts.o(i.IRQ008_Handler) for IRQ008_Handler
    startup_hc32f46x.o(RESET) refers to hc32f46x_interrupts.o(i.IRQ009_Handler) for IRQ009_Handler
    startup_hc32f46x.o(RESET) refers to hc32f46x_interrupts.o(i.IRQ010_Handler) for IRQ010_Handler
    startup_hc32f46x.o(RESET) refers to hc32f46x_interrupts.o(i.IRQ011_Handler) for IRQ011_Handler
    startup_hc32f46x.o(RESET) refers to hc32f46x_interrupts.o(i.IRQ012_Handler) for IRQ012_Handler
    startup_hc32f46x.o(RESET) refers to hc32f46x_interrupts.o(i.IRQ013_Handler) for IRQ013_Handler
    startup_hc32f46x.o(RESET) refers to hc32f46x_interrupts.o(i.IRQ014_Handler) for IRQ014_Handler
    startup_hc32f46x.o(RESET) refers to hc32f46x_interrupts.o(i.IRQ015_Handler) for IRQ015_Handler
    startup_hc32f46x.o(RESET) refers to hc32f46x_interrupts.o(i.IRQ016_Handler) for IRQ016_Handler
    startup_hc32f46x.o(RESET) refers to hc32f46x_interrupts.o(i.IRQ017_Handler) for IRQ017_Handler
    startup_hc32f46x.o(RESET) refers to hc32f46x_interrupts.o(i.IRQ018_Handler) for IRQ018_Handler
    startup_hc32f46x.o(RESET) refers to hc32f46x_interrupts.o(i.IRQ019_Handler) for IRQ019_Handler
    startup_hc32f46x.o(RESET) refers to hc32f46x_interrupts.o(i.IRQ020_Handler) for IRQ020_Handler
    startup_hc32f46x.o(RESET) refers to hc32f46x_interrupts.o(i.IRQ021_Handler) for IRQ021_Handler
    startup_hc32f46x.o(RESET) refers to hc32f46x_interrupts.o(i.IRQ022_Handler) for IRQ022_Handler
    startup_hc32f46x.o(RESET) refers to hc32f46x_interrupts.o(i.IRQ023_Handler) for IRQ023_Handler
    startup_hc32f46x.o(RESET) refers to hc32f46x_interrupts.o(i.IRQ024_Handler) for IRQ024_Handler
    startup_hc32f46x.o(RESET) refers to hc32f46x_interrupts.o(i.IRQ025_Handler) for IRQ025_Handler
    startup_hc32f46x.o(RESET) refers to hc32f46x_interrupts.o(i.IRQ026_Handler) for IRQ026_Handler
    startup_hc32f46x.o(RESET) refers to hc32f46x_interrupts.o(i.IRQ027_Handler) for IRQ027_Handler
    startup_hc32f46x.o(RESET) refers to hc32f46x_interrupts.o(i.IRQ028_Handler) for IRQ028_Handler
[...]
    Spi3Idle_IrqHandler                       - Undefined Weak Reference
    Spi3RxEnd_IrqHandler                      - Undefined Weak Reference
    Spi3TxEmpty_IrqHandler                    - Undefined Weak Reference
    Spi4Err_IrqHandler                        - Undefined Weak Reference
    Spi4Idle_IrqHandler                       - Undefined Weak Reference
    Spi4RxEnd_IrqHandler                      - Undefined Weak Reference
    Spi4TxEmpty_IrqHandler                    - Undefined Weak Reference
    Swdt_IrqHandler                           - Undefined Weak Reference
    Timer01GCMA_IrqHandler                    - Undefined Weak Reference
    Timer01GCMB_IrqHandler                    - Undefined Weak Reference
    Timer02GCMA_IrqHandler                    - Undefined Weak Reference
    Timer02GCMB_IrqHandler                    - Undefined Weak Reference
    Timer41GCMUH_IrqHandler                   - Undefined Weak Reference
    Timer41GCMUL_IrqHandler                   - Undefined Weak Reference
    Timer41GCMVH_IrqHandler                   - Undefined Weak Reference
    Timer41GCMVL_IrqHandler                   - Undefined Weak Reference
    Timer41GCMWH_IrqHandler                   - Undefined Weak Reference
    Timer41GCMWL_IrqHandler                   - Undefined Weak Reference
    Timer41GOV_IrqHandler                     - Undefined Weak Reference
    Timer41GUD_IrqHandler                     - Undefined Weak Reference
    Timer41ReloadU_IrqHandler                 - Undefined Weak Reference
    Timer41ReloadV_IrqHandler                 - Undefined Weak Reference
    Timer41ReloadW_IrqHandler                 - Undefined Weak Reference
    Timer42GCMVH_IrqHandler                   - Undefined Weak Reference
    Timer42GCMVL_IrqHandler                   - Undefined Weak Reference
    Timer42GCMWH_IrqHandler                   - Undefined Weak Reference
    Timer42GCMWL_IrqHandler                   - Undefined Weak Reference
    Timer42GOV_IrqHandler                     - Undefined Weak Reference
    Timer42GUD_IrqHandler                     - Undefined Weak Reference
    Timer42ReloadU_IrqHandler                 - Undefined Weak Reference
    Timer42ReloadV_IrqHandler                 - Undefined Weak Reference
    Timer42ReloadW_IrqHandler                 - Undefined Weak Reference
    Timer43GCMUH_IrqHandler                   - Undefined Weak Reference
    Timer43GCMUL_IrqHandler                   - Undefined Weak Reference
    Timer43GCMVH_IrqHandler                   - Undefined Weak Reference
    Timer43GCMVL_IrqHandler                   - Undefined Weak Reference
    Timer43GCMWH_IrqHandler                   - Undefined Weak Reference
    Timer43GCMWL_IrqHandler                   - Undefined Weak Reference
    Timer43GOV_IrqHandler                     - Undefined Weak Reference
    Timer43GUD_IrqHandler                     - Undefined Weak Reference
    Timer43ReloadV_IrqHandler                 - Undefined Weak Reference
    Timer43ReloadW_IrqHandler                 - Undefined Weak Reference
    Timer61GCMA_IrqHandler                    - Undefined Weak Reference
    Timer61GCMB_IrqHandler                    - Undefined Weak Reference
    Timer61GCMC_IrqHandler                    - Undefined Weak Reference
    Timer61GCMD_IrqHandler                    - Undefined Weak Reference
    Timer61GCME_IrqHandler                    - Undefined Weak Reference
    Timer61GCMF_IrqHandler                    - Undefined Weak Reference
    Timer61GDT_IrqHandler                     - Undefined Weak Reference
    Timer61GOV_IrqHandler                     - Undefined Weak Reference
    Timer61GUD_IrqHandler                     - Undefined Weak Reference
    Timer61SCMA_IrqHandler                    - Undefined Weak Reference
    Timer61SCMB_IrqHandler                    - Undefined Weak Reference
    Timer62GCMA_IrqHandler                    - Undefined Weak Reference
    Timer62GCMB_IrqHandler                    - Undefined Weak Reference
    Timer62GCMC_IrqHandler                    - Undefined Weak Reference
    Timer62GCMD_IrqHandler                    - Undefined Weak Reference
    Timer62GCME_IrqHandler                    - Undefined Weak Reference
    Timer62GCMF_IrqHandler                    - Undefined Weak Reference
    Timer62GDT_IrqHandler                     - Undefined Weak Reference
    Timer62GOV_IrqHandler                     - Undefined Weak Reference
    Timer62GUD_IrqHandler                     - Undefined Weak Reference
    Timer62SCMA_IrqHandler                    - Undefined Weak Reference
    Timer62SCMB_IrqHandler                    - Undefined Weak Reference
    Timer63GCMA_IrqHandler                    - Undefined Weak Reference
    Timer63GCMB_IrqHandler                    - Undefined Weak Reference
    Timer63GCMC_IrqHandler                    - Undefined Weak Reference
    Timer63GCMD_IrqHandler                    - Undefined Weak Reference
    Timer63GCME_IrqHandler                    - Undefined Weak Reference
    Timer63GCMF_IrqHandler                    - Undefined Weak Reference
    Timer63GDT_IrqHandler                     - Undefined Weak Reference
    Timer63GOV_IrqHandler                     - Undefined Weak Reference
    Timer63GUD_IrqHandler                     - Undefined Weak Reference
    Timer63SCMA_IrqHandler                    - Undefined Weak Reference
    Timer63SCMB_IrqHandler                    - Undefined Weak Reference
    TimerA1CMP_IrqHandler                     - Undefined Weak Reference
    TimerA1OV_IrqHandler                      - Undefined Weak Reference
    TimerA1UD_IrqHandler                      - Undefined Weak Reference
    TimerA2CMP_IrqHandler                     - Undefined Weak Reference
    TimerA2OV_IrqHandler                      - Undefined Weak Reference
    TimerA2UD_IrqHandler                      - Undefined Weak Reference
    TimerA3CMP_IrqHandler                     - Undefined Weak Reference
    TimerA3OV_IrqHandler                      - Undefined Weak Reference
    TimerA3UD_IrqHandler                      - Undefined Weak Reference
    TimerA4CMP_IrqHandler                     - Undefined Weak Reference
    TimerA4OV_IrqHandler                      - Undefined Weak Reference
    TimerA4UD_IrqHandler                      - Undefined Weak Reference
    TimerA5CMP_IrqHandler                     - Undefined Weak Reference
    TimerA5OV_IrqHandler                      - Undefined Weak Reference
    TimerA5UD_IrqHandler                      - Undefined Weak Reference
    TimerA6CMP_IrqHandler                     - Undefined Weak Reference
    TimerA6OV_IrqHandler                      - Undefined Weak Reference
    TimerA6UD_IrqHandler                      - Undefined Weak Reference
    UsageFault_IrqHandler                     - Undefined Weak Reference
    Usart1RxEnd_IrqHandler                    - Undefined Weak Reference
    Usart1RxErr_IrqHandler                    - Undefined Weak Reference
    Usart1RxTO_IrqHandler                     - Undefined Weak Reference
    Usart1TxEmpty_IrqHandler                  - Undefined Weak Reference
    Usart1TxEnd_IrqHandler                    - Undefined Weak Reference
    Usart2RxEnd_IrqHandler                    - Undefined Weak Reference
    Usart2RxErr_IrqHandler                    - Undefined Weak Reference
    Usart2RxTO_IrqHandler                     - Undefined Weak Reference
    Usart2TxEmpty_IrqHandler                  - Undefined Weak Reference
    Usart2TxEnd_IrqHandler                    - Undefined Weak Reference
    Usart3RxEnd_IrqHandler                    - Undefined Weak Reference
    Usart3RxErr_IrqHandler                    - Undefined Weak Reference
    Usart3RxTO_IrqHandler                     - Undefined Weak Reference
    Usart3TxEmpty_IrqHandler                  - Undefined Weak Reference
    Usart3TxEnd_IrqHandler                    - Undefined Weak Reference
    Usart4RxEnd_IrqHandler                    - Undefined Weak Reference
    Usart4RxErr_IrqHandler                    - Undefined Weak Reference
    Usart4RxTO_IrqHandler                     - Undefined Weak Reference
    Usart4TxEmpty_IrqHandler                  - Undefined Weak Reference
    Usart4TxEnd_IrqHandler                    - Undefined Weak Reference
    UsbGlobal_IrqHandler                      - Undefined Weak Reference
    WakeupTimer_IrqHandler                    - Undefined Weak Reference
    Wdt_IrqHandler                            - Undefined Weak Reference
    __cpp_initialize__aeabi_                  - Undefined Weak Reference
    __cxa_finalize                            - Undefined Weak Reference
    _clock_init                               - Undefined Weak Reference
    _microlib_exit                            - Undefined Weak Reference
    __Vectors_End                            0x00000280   Data           0  startup_hc32f46x.o(RESET)
    __Vectors_Size                           0x00000280   Number         0  startup_hc32f46x.o ABSOLUTE
    __main                                   0x00000281   Thumb Code     0  entry.o(.ARM.Collect$$$$00000000)
    _main_stk                                0x00000281   Thumb Code     0  entry2.o(.ARM.Collect$$$$00000001)
    _main_scatterload                        0x00000285   Thumb Code     0  entry5.o(.ARM.Collect$$$$00000004)
    __main_after_scatterload                 0x00000289   Thumb Code     0  entry5.o(.ARM.Collect$$$$00000004)
    _main_clock                              0x00000289   Thumb Code     0  entry7b.o(.ARM.Collect$$$$00000008)
    _main_cpp_init                           0x00000289   Thumb Code     0  entry8b.o(.ARM.Collect$$$$0000000A)
    _main_init                               0x00000289   Thumb Code     0  entry9a.o(.ARM.Collect$$$$0000000B)
    __rt_final_cpp                           0x00000291   Thumb Code     0  entry10a.o(.ARM.Collect$$$$0000000D)
    __rt_final_exit                          0x00000291   Thumb Code     0  entry11a.o(.ARM.Collect$$$$0000000F)
    FPU_Enable                               0x00000295   Thumb Code    16  fpu_enable.o(.emb_text)
    Reset_Handler                            0x000002a9   Thumb Code    30  startup_hc32f46x.o(.text)
    IRQ133_Handler                           0x000002d9   Thumb Code     0  startup_hc32f46x.o(.text)
    IRQ134_Handler                           0x000002d9   Thumb Code     0  startup_hc32f46x.o(.text)
    IRQ135_Handler                           0x000002d9   Thumb Code     0  startup_hc32f46x.o(.text)
    cpu_intrpt_save                          0x000002e9   Thumb Code     0  port_s.o(.text)
    cpu_intrpt_restore                       0x000002f1   Thumb Code     0  port_s.o(.text)
    cpu_task_switch                          0x000002f7   Thumb Code     0  port_s.o(.text)
    cpu_intrpt_switch                        0x00000301   Thumb Code     0  port_s.o(.text)
    cpu_first_task_start                     0x0000030b   Thumb Code     0  port_s.o(.text)
    PendSV_Handler                           0x0000032d   Thumb Code     0  port_s.o(.text)
    _first_task_restore                      0x00000373   Thumb Code     0  port_s.o(.text)
    __aeabi_uldivmod                         0x00000399   Thumb Code    98  uldiv.o(.text)
    __aeabi_assert                           0x000003fb   Thumb Code     2  armcc_libc.o(i.__aeabi_assert)
    __scatterload_null                       0x000003fd   Thumb Code     2  handlers.o(i.__scatterload_null)
    u32ICG                                   0x00000400   Data          32  hc32f46x_icg.o(.ARM.__AT_0x00000400)
    ___aeabi_memcpy8$ret                     0x00000421   Thumb Code     0  memcpy.o(.text)
    __aeabi_memcpy                           0x00000421   Thumb Code    40  memcpy.o(.text)
    __aeabi_memcpy4                          0x00000421   Thumb Code     0  memcpy.o(.text)
    memcpy                                   0x00000421   Thumb Code     0  memcpy.o(.text)
    __aeabi_memset                           0x00000449   Thumb Code    14  memseta.o(.text)
    __aeabi_memset4                          0x00000449   Thumb Code     0  memseta.o(.text)
    __aeabi_memset8                          0x00000449   Thumb Code     0  memseta.o(.text)
    __aeabi_memclr                           0x00000457   Thumb Code     4  memseta.o(.text)
    __aeabi_memclr4                          0x00000457   Thumb Code     0  memseta.o(.text)
    __aeabi_memclr8                          0x00000457   Thumb Code     0  memseta.o(.text)
    _memset$wrapper                          0x0000045b   Thumb Code    18  memseta.o(.text)
    strstr                                   0x0000046d   Thumb Code    36  strstr.o(.text)
    strcmp                                   0x00000491   Thumb Code    28  strcmp.o(.text)
    __aeabi_llsl                             0x000004ad   Thumb Code    30  llshl.o(.text)
    _ll_shift_l                              0x000004ad   Thumb Code     0  llshl.o(.text)
    __aeabi_llsr                             0x000004cb   Thumb Code    32  llushr.o(.text)
    _ll_ushift_r                             0x000004cb   Thumb Code     0  llushr.o(.text)
    __scatterload                            0x000004ed   Thumb Code    28  init.o(.text)
    __scatterload_rt2                        0x000004ed   Thumb Code     0  init.o(.text)
    __decompress                             0x00000511   Thumb Code     0  __dczerorl2.o(.text)
    __decompress1                            0x00000511   Thumb Code    86  __dczerorl2.o(.text)
    BusFault_Handler                         0x00000567   Thumb Code     8  hc32f46x_interrupts.o(i.BusFault_Handler)
    CLK_GetClockFreq                         0x00000571   Thumb Code   282  hc32f46x_clk.o(i.CLK_GetClockFreq)
    CLK_GetFlagStatus                        0x00000699   Thumb Code   114  hc32f46x_clk.o(i.CLK_GetFlagStatus)
    CLK_HrcCmd                               0x00000711   Thumb Code   164  hc32f46x_clk.o(i.CLK_HrcCmd)
    CLK_LrcCmd                               0x000007bd   Thumb Code    96  hc32f46x_clk.o(i.CLK_LrcCmd)
    CLK_MpllCmd                              0x00000825   Thumb Code   116  hc32f46x_clk.o(i.CLK_MpllCmd)
    CLK_MpllConfig                           0x000008a1   Thumb Code   148  hc32f46x_clk.o(i.CLK_MpllConfig)
    CLK_SetPeriClkSource                     0x00000949   Thumb Code    30  hc32f46x_clk.o(i.CLK_SetPeriClkSource)
    CLK_SetPllSource                         0x00000971   Thumb Code    34  hc32f46x_clk.o(i.CLK_SetPllSource)
    CLK_SetSysClkSource                      0x000009a1   Thumb Code   176  hc32f46x_clk.o(i.CLK_SetSysClkSource)
    CLK_SetUsbClkSource                      0x00000a61   Thumb Code   194  hc32f46x_clk.o(i.CLK_SetUsbClkSource)
    CLK_SysClkConfig                         0x00000b35   Thumb Code   192  hc32f46x_clk.o(i.CLK_SysClkConfig)
    CLK_UpllCmd                              0x00000c05   Thumb Code    92  hc32f46x_clk.o(i.CLK_UpllCmd)
    CLK_Xtal32Cmd                            0x00000c69   Thumb Code    96  hc32f46x_clk.o(i.CLK_Xtal32Cmd)
    CLK_Xtal32Config                         0x00000cd1   Thumb Code    76  hc32f46x_clk.o(i.CLK_Xtal32Config)
    CLK_XtalCmd                              0x00000d25   Thumb Code   166  hc32f46x_clk.o(i.CLK_XtalCmd)
    Ddl_UartInit                             0x00000dd5   Thumb Code   140  hc32f46x_utility.o(i.Ddl_UartInit)
    DebugMon_Handler                         0x00000e71   Thumb Code     8  hc32f46x_interrupts.o(i.DebugMon_Handler)
    DebugOutput                              0x00000e79   Thumb Code    20  hc32f46x_utility.o(i.DebugOutput)
    EFM_InstructionCacheCmd                  0x00000e91   Thumb Code    14  hc32f46x_efm.o(i.EFM_InstructionCacheCmd)
    EFM_Lock                                 0x00000ea5   Thumb Code    20  hc32f46x_efm.o(i.EFM_Lock)
    EFM_SetLatency                           0x00000ebd   Thumb Code    14  hc32f46x_efm.o(i.EFM_SetLatency)
    EFM_Unlock                               0x00000ed1   Thumb Code    16  hc32f46x_efm.o(i.EFM_Unlock)
    HAL_IncTick                              0x00000ee5   Thumb Code    12  sys_init.o(i.HAL_IncTick)
    HardFault_Handler                        0x00000ef5   Thumb Code     8  hc32f46x_interrupts.o(i.HardFault_Handler)
    IRQ000_Handler                           0x00000efd   Thumb Code    16  hc32f46x_interrupts.o(i.IRQ000_Handler)
    IRQ001_Handler                           0x00000f11   Thumb Code    16  hc32f46x_interrupts.o(i.IRQ001_Handler)
    IRQ002_Handler                           0x00000f25   Thumb Code    16  hc32f46x_interrupts.o(i.IRQ002_Handler)
    IRQ003_Handler                           0x00000f39   Thumb Code    16  hc32f46x_interrupts.o(i.IRQ003_Handler)
    IRQ004_Handler                           0x00000f4d   Thumb Code    16  hc32f46x_interrupts.o(i.IRQ004_Handler)
    IRQ005_Handler                           0x00000f61   Thumb Code    16  hc32f46x_interrupts.o(i.IRQ005_Handler)
    IRQ006_Handler                           0x00000f75   Thumb Code    16  hc32f46x_interrupts.o(i.IRQ006_Handler)
    IRQ007_Handler                           0x00000f89   Thumb Code    16  hc32f46x_interrupts.o(i.IRQ007_Handler)
    IRQ008_Handler                           0x00000f9d   Thumb Code    16  hc32f46x_interrupts.o(i.IRQ008_Handler)
    IRQ009_Handler                           0x00000fb1   Thumb Code    16  hc32f46x_interrupts.o(i.IRQ009_Handler)
    IRQ010_Handler                           0x00000fc5   Thumb Code    16  hc32f46x_interrupts.o(i.IRQ010_Handler)
    IRQ011_Handler                           0x00000fd9   Thumb Code    16  hc32f46x_interrupts.o(i.IRQ011_Handler)
    IRQ012_Handler                           0x00000fed   Thumb Code    16  hc32f46x_interrupts.o(i.IRQ012_Handler)
    IRQ013_Handler                           0x00001001   Thumb Code    16  hc32f46x_interrupts.o(i.IRQ013_Handler)
    IRQ014_Handler                           0x00001015   Thumb Code    16  hc32f46x_interrupts.o(i.IRQ014_Handler)
    IRQ015_Handler                           0x00001029   Thumb Code    16  hc32f46x_interrupts.o(i.IRQ015_Handler)
    IRQ016_Handler                           0x0000103d   Thumb Code    16  hc32f46x_interrupts.o(i.IRQ016_Handler)
    IRQ017_Handler                           0x00001051   Thumb Code    16  hc32f46x_interrupts.o(i.IRQ017_Handler)
    IRQ018_Handler                           0x00001065   Thumb Code    16  hc32f46x_interrupts.o(i.IRQ018_Handler)
    IRQ019_Handler                           0x00001079   Thumb Code    16  hc32f46x_interrupts.o(i.IRQ019_Handler)
    IRQ020_Handler                           0x0000108d   Thumb Code    16  hc32f46x_interrupts.o(i.IRQ020_Handler)
    IRQ021_Handler                           0x000010a1   Thumb Code    16  hc32f46x_interrupts.o(i.IRQ021_Handler)
    IRQ022_Handler                           0x000010b5   Thumb Code    16  hc32f46x_interrupts.o(i.IRQ022_Handler)
    IRQ023_Handler                           0x000010c9   Thumb Code    16  hc32f46x_interrupts.o(i.IRQ023_Handler)
    IRQ024_Handler                           0x000010dd   Thumb Code    16  hc32f46x_interrupts.o(i.IRQ024_Handler)
    IRQ025_Handler                           0x000010f1   Thumb Code    16  hc32f46x_interrupts.o(i.IRQ025_Handler)
    IRQ026_Handler                           0x00001105   Thumb Code    16  hc32f46x_interrupts.o(i.IRQ026_Handler)
    IRQ027_Handler                           0x00001119   Thumb Code    16  hc32f46x_interrupts.o(i.IRQ027_Handler)
    IRQ028_Handler                           0x0000112d   Thumb Code    16  hc32f46x_interrupts.o(i.IRQ028_Handler)
    IRQ029_Handler                           0x00001141   Thumb Code    16  hc32f46x_interrupts.o(i.IRQ029_Handler)
    IRQ030_Handler                           0x00001155   Thumb Code    16  hc32f46x_interrupts.o(i.IRQ030_Handler)
    IRQ031_Handler                           0x00001169   Thumb Code    16  hc32f46x_interrupts.o(i.IRQ031_Handler)
    IRQ032_Handler                           0x0000117d   Thumb Code    20  hc32f46x_interrupts.o(i.IRQ032_Handler)
    IRQ033_Handler                           0x00001195   Thumb Code    20  hc32f46x_interrupts.o(i.IRQ033_Handler)
    IRQ034_Handler                           0x000011ad   Thumb Code    20  hc32f46x_interrupts.o(i.IRQ034_Handler)
    IRQ035_Handler                           0x000011c5   Thumb Code    20  hc32f46x_interrupts.o(i.IRQ035_Handler)
    IRQ036_Handler                           0x000011dd   Thumb Code    20  hc32f46x_interrupts.o(i.IRQ036_Handler)
    IRQ037_Handler                           0x000011f5   Thumb Code    20  hc32f46x_interrupts.o(i.IRQ037_Handler)
    IRQ038_Handler                           0x0000120d   Thumb Code    20  hc32f46x_interrupts.o(i.IRQ038_Handler)
    IRQ039_Handler                           0x00001225   Thumb Code    20  hc32f46x_interrupts.o(i.IRQ039_Handler)
    IRQ040_Handler                           0x0000123d   Thumb Code    20  hc32f46x_interrupts.o(i.IRQ040_Handler)
    IRQ041_Handler                           0x00001255   Thumb Code    20  hc32f46x_interrupts.o(i.IRQ041_Handler)
    IRQ042_Handler                           0x0000126d   Thumb Code    20  hc32f46x_interrupts.o(i.IRQ042_Handler)
    IRQ043_Handler                           0x00001285   Thumb Code    20  hc32f46x_interrupts.o(i.IRQ043_Handler)
    IRQ044_Handler                           0x0000129d   Thumb Code    20  hc32f46x_interrupts.o(i.IRQ044_Handler)
    IRQ045_Handler                           0x000012b5   Thumb Code    20  hc32f46x_interrupts.o(i.IRQ045_Handler)
    IRQ046_Handler                           0x000012cd   Thumb Code    20  hc32f46x_interrupts.o(i.IRQ046_Handler)
    IRQ047_Handler                           0x000012e5   Thumb Code    20  hc32f46x_interrupts.o(i.IRQ047_Handler)
    IRQ048_Handler                           0x000012fd   Thumb Code    20  hc32f46x_interrupts.o(i.IRQ048_Handler)
    IRQ049_Handler                           0x00001315   Thumb Code    20  hc32f46x_interrupts.o(i.IRQ049_Handler)
    IRQ050_Handler                           0x0000132d   Thumb Code    20  hc32f46x_interrupts.o(i.IRQ050_Handler)
    IRQ051_Handler                           0x00001345   Thumb Code    20  hc32f46x_interrupts.o(i.IRQ051_Handler)
    IRQ052_Handler                           0x0000135d   Thumb Code    20  hc32f46x_interrupts.o(i.IRQ052_Handler)
    IRQ053_Handler                           0x00001375   Thumb Code    20  hc32f46x_interrupts.o(i.IRQ053_Handler)
    IRQ054_Handler                           0x0000138d   Thumb Code    20  hc32f46x_interrupts.o(i.IRQ054_Handler)
    IRQ055_Handler                           0x000013a5   Thumb Code    20  hc32f46x_interrupts.o(i.IRQ055_Handler)
    IRQ056_Handler                           0x000013bd   Thumb Code    20  hc32f46x_interrupts.o(i.IRQ056_Handler)
    IRQ057_Handler                           0x000013d5   Thumb Code    20  hc32f46x_interrupts.o(i.IRQ057_Handler)
    IRQ058_Handler                           0x000013ed   Thumb Code    20  hc32f46x_interrupts.o(i.IRQ058_Handler)
    IRQ059_Handler                           0x00001405   Thumb Code    20  hc32f46x_interrupts.o(i.IRQ059_Handler)
    IRQ060_Handler                           0x0000141d   Thumb Code    20  hc32f46x_interrupts.o(i.IRQ060_Handler)
    IRQ061_Handler                           0x00001435   Thumb Code    20  hc32f46x_interrupts.o(i.IRQ061_Handler)
    IRQ062_Handler                           0x0000144d   Thumb Code    20  hc32f46x_interrupts.o(i.IRQ062_Handler)
    IRQ063_Handler                           0x00001465   Thumb Code    20  hc32f46x_interrupts.o(i.IRQ063_Handler)
    IRQ064_Handler                           0x0000147d   Thumb Code    20  hc32f46x_interrupts.o(i.IRQ064_Handler)
    IRQ065_Handler                           0x00001495   Thumb Code    20  hc32f46x_interrupts.o(i.IRQ065_Handler)
    IRQ066_Handler                           0x000014ad   Thumb Code    20  hc32f46x_interrupts.o(i.IRQ066_Handler)
    IRQ067_Handler                           0x000014c5   Thumb Code    20  hc32f46x_interrupts.o(i.IRQ067_Handler)
    IRQ068_Handler                           0x000014dd   Thumb Code    20  hc32f46x_interrupts.o(i.IRQ068_Handler)
    IRQ069_Handler                           0x000014f5   Thumb Code    20  hc32f46x_interrupts.o(i.IRQ069_Handler)
    IRQ070_Handler                           0x0000150d   Thumb Code    20  hc32f46x_interrupts.o(i.IRQ070_Handler)
    IRQ071_Handler                           0x00001525   Thumb Code    20  hc32f46x_interrupts.o(i.IRQ071_Handler)
    IRQ072_Handler                           0x0000153d   Thumb Code    20  hc32f46x_interrupts.o(i.IRQ072_Handler)
    IRQ073_Handler                           0x00001555   Thumb Code    20  hc32f46x_interrupts.o(i.IRQ073_Handler)
    IRQ074_Handler                           0x0000156d   Thumb Code    20  hc32f46x_interrupts.o(i.IRQ074_Handler)
    IRQ075_Handler                           0x00001585   Thumb Code    20  hc32f46x_interrupts.o(i.IRQ075_Handler)
    IRQ076_Handler                           0x0000159d   Thumb Code    20  hc32f46x_interrupts.o(i.IRQ076_Handler)
    IRQ077_Handler                           0x000015b5   Thumb Code    20  hc32f46x_interrupts.o(i.IRQ077_Handler)
    IRQ078_Handler                           0x000015cd   Thumb Code    20  hc32f46x_interrupts.o(i.IRQ078_Handler)
    IRQ079_Handler                           0x000015e5   Thumb Code    20  hc32f46x_interrupts.o(i.IRQ079_Handler)
    IRQ080_Handler                           0x000015fd   Thumb Code    20  hc32f46x_interrupts.o(i.IRQ080_Handler)
    IRQ081_Handler                           0x00001615   Thumb Code    20  hc32f46x_interrupts.o(i.IRQ081_Handler)
    IRQ082_Handler                           0x0000162d   Thumb Code    20  hc32f46x_interrupts.o(i.IRQ082_Handler)
    IRQ083_Handler                           0x00001645   Thumb Code    20  hc32f46x_interrupts.o(i.IRQ083_Handler)
    IRQ084_Handler                           0x0000165d   Thumb Code    20  hc32f46x_interrupts.o(i.IRQ084_Handler)
    IRQ085_Handler                           0x00001675   Thumb Code    20  hc32f46x_interrupts.o(i.IRQ085_Handler)
    IRQ086_Handler                           0x0000168d   Thumb Code    20  hc32f46x_interrupts.o(i.IRQ086_Handler)
    IRQ087_Handler                           0x000016a5   Thumb Code    20  hc32f46x_interrupts.o(i.IRQ087_Handler)
    IRQ088_Handler                           0x000016bd   Thumb Code    20  hc32f46x_interrupts.o(i.IRQ088_Handler)
    IRQ089_Handler                           0x000016d5   Thumb Code    20  hc32f46x_interrupts.o(i.IRQ089_Handler)
    IRQ090_Handler                           0x000016ed   Thumb Code    20  hc32f46x_interrupts.o(i.IRQ090_Handler)
    IRQ091_Handler                           0x00001705   Thumb Code    20  hc32f46x_interrupts.o(i.IRQ091_Handler)
    IRQ092_Handler                           0x0000171d   Thumb Code    20  hc32f46x_interrupts.o(i.IRQ092_Handler)
    IRQ093_Handler                           0x00001735   Thumb Code    20  hc32f46x_interrupts.o(i.IRQ093_Handler)
    IRQ094_Handler                           0x0000174d   Thumb Code    20  hc32f46x_interrupts.o(i.IRQ094_Handler)
    IRQ095_Handler                           0x00001765   Thumb Code    20  hc32f46x_interrupts.o(i.IRQ095_Handler)
    IRQ096_Handler                           0x0000177d   Thumb Code    20  hc32f46x_interrupts.o(i.IRQ096_Handler)
    IRQ097_Handler                           0x00001795   Thumb Code    20  hc32f46x_interrupts.o(i.IRQ097_Handler)
    IRQ098_Handler                           0x000017ad   Thumb Code    20  hc32f46x_interrupts.o(i.IRQ098_Handler)
    IRQ099_Handler                           0x000017c5   Thumb Code    20  hc32f46x_interrupts.o(i.IRQ099_Handler)
    IRQ100_Handler                           0x000017dd   Thumb Code    20  hc32f46x_interrupts.o(i.IRQ100_Handler)
    IRQ101_Handler                           0x000017f5   Thumb Code    20  hc32f46x_interrupts.o(i.IRQ101_Handler)
    IRQ102_Handler                           0x0000180d   Thumb Code    20  hc32f46x_interrupts.o(i.IRQ102_Handler)
    IRQ103_Handler                           0x00001825   Thumb Code    20  hc32f46x_interrupts.o(i.IRQ103_Handler)
    IRQ104_Handler                           0x0000183d   Thumb Code    20  hc32f46x_interrupts.o(i.IRQ104_Handler)
    IRQ105_Handler                           0x00001855   Thumb Code    20  hc32f46x_interrupts.o(i.IRQ105_Handler)
    IRQ106_Handler                           0x0000186d   Thumb Code    20  hc32f46x_interrupts.o(i.IRQ106_Handler)
    IRQ107_Handler                           0x00001885   Thumb Code    20  hc32f46x_interrupts.o(i.IRQ107_Handler)
    IRQ108_Handler                           0x0000189d   Thumb Code    20  hc32f46x_interrupts.o(i.IRQ108_Handler)
    IRQ109_Handler                           0x000018b5   Thumb Code    20  hc32f46x_interrupts.o(i.IRQ109_Handler)
    IRQ110_Handler                           0x000018cd   Thumb Code    20  hc32f46x_interrupts.o(i.IRQ110_Handler)
    IRQ111_Handler                           0x000018e5   Thumb Code    20  hc32f46x_interrupts.o(i.IRQ111_Handler)
    IRQ112_Handler                           0x000018fd   Thumb Code    20  hc32f46x_interrupts.o(i.IRQ112_Handler)
    IRQ113_Handler                           0x00001915   Thumb Code    20  hc32f46x_interrupts.o(i.IRQ113_Handler)
    IRQ114_Handler                           0x0000192d   Thumb Code    20  hc32f46x_interrupts.o(i.IRQ114_Handler)
    IRQ115_Handler                           0x00001945   Thumb Code    20  hc32f46x_interrupts.o(i.IRQ115_Handler)
    IRQ116_Handler                           0x0000195d   Thumb Code    20  hc32f46x_interrupts.o(i.IRQ116_Handler)
    IRQ117_Handler                           0x00001975   Thumb Code    20  hc32f46x_interrupts.o(i.IRQ117_Handler)
    IRQ118_Handler                           0x0000198d   Thumb Code    20  hc32f46x_interrupts.o(i.IRQ118_Handler)
    IRQ119_Handler                           0x000019a5   Thumb Code    20  hc32f46x_interrupts.o(i.IRQ119_Handler)
    IRQ120_Handler                           0x000019bd   Thumb Code    20  hc32f46x_interrupts.o(i.IRQ120_Handler)
    IRQ121_Handler                           0x000019d5   Thumb Code    20  hc32f46x_interrupts.o(i.IRQ121_Handler)
    IRQ122_Handler                           0x000019ed   Thumb Code    20  hc32f46x_interrupts.o(i.IRQ122_Handler)
    IRQ123_Handler                           0x00001a05   Thumb Code    20  hc32f46x_interrupts.o(i.IRQ123_Handler)
    IRQ124_Handler                           0x00001a1d   Thumb Code    20  hc32f46x_interrupts.o(i.IRQ124_Handler)
    IRQ125_Handler                           0x00001a35   Thumb Code    20  hc32f46x_interrupts.o(i.IRQ125_Handler)
    IRQ126_Handler                           0x00001a4d   Thumb Code    20  hc32f46x_interrupts.o(i.IRQ126_Handler)
    IRQ127_Handler                           0x00001a65   Thumb Code    20  hc32f46x_interrupts.o(i.IRQ127_Handler)
    IRQ128_Handler                           0x00001a7d   Thumb Code   326  hc32f46x_interrupts.o(i.IRQ128_Handler)
    IRQ129_Handler                           0x00001bcd   Thumb Code   752  hc32f46x_interrupts.o(i.IRQ129_Handler)
    IRQ130_Handler                           0x00001ef5   Thumb Code   190  hc32f46x_interrupts.o(i.IRQ130_Handler)
    IRQ131_Handler                           0x00001fd1   Thumb Code   684  hc32f46x_interrupts.o(i.IRQ131_Handler)
    IRQ132_Handler                           0x00002299   Thumb Code   350  hc32f46x_interrupts.o(i.IRQ132_Handler)
    IRQ136_Handler                           0x00002409   Thumb Code   750  hc32f46x_interrupts.o(i.IRQ136_Handler)
    IRQ137_Handler                           0x00002729   Thumb Code   620  hc32f46x_interrupts.o(i.IRQ137_Handler)
    IRQ138_Handler                           0x000029b1   Thumb Code   546  hc32f46x_interrupts.o(i.IRQ138_Handler)
    IRQ139_Handler                           0x00002be1   Thumb Code   280  hc32f46x_interrupts.o(i.IRQ139_Handler)
    IRQ140_Handler                           0x00002d01   Thumb Code   490  hc32f46x_interrupts.o(i.IRQ140_Handler)
    IRQ141_Handler                           0x00002f15   Thumb Code   524  hc32f46x_interrupts.o(i.IRQ141_Handler)
    IRQ142_Handler                           0x00003159   Thumb Code   242  hc32f46x_interrupts.o(i.IRQ142_Handler)
    IRQ143_Handler                           0x0000326d   Thumb Code   256  hc32f46x_interrupts.o(i.IRQ143_Handler)
    MemManage_Handler                        0x0000337d   Thumb Code     8  hc32f46x_interrupts.o(i.MemManage_Handler)
    NMI_Handler                              0x00003385   Thumb Code     8  hc32f46x_interrupts.o(i.NMI_Handler)
    SRAM_CK_Disable                          0x0000338d   Thumb Code    10  hc32f46x_sram.o(i.SRAM_CK_Disable)
    SRAM_CK_Enable                           0x0000339d   Thumb Code    10  hc32f46x_sram.o(i.SRAM_CK_Enable)
    SRAM_WT_Disable                          0x000033ad   Thumb Code    10  hc32f46x_sram.o(i.SRAM_WT_Disable)
    SRAM_WT_Enable                           0x000033bd   Thumb Code    10  hc32f46x_sram.o(i.SRAM_WT_Enable)
    SVC_Handler                              0x000033cd   Thumb Code     8  hc32f46x_interrupts.o(i.SVC_Handler)
    SysTick_Handler                          0x00003551   Thumb Code    20  hc32f46x_interrupts.o(i.SysTick_Handler)
    SystemCoreClockUpdate                    0x00003565   Thumb Code   178  system_hc32f46x.o(i.SystemCoreClockUpdate)
    SystemInit                               0x00003629   Thumb Code     8  system_hc32f46x.o(i.SystemInit)
    UsageFault_Handler                       0x00003631   Thumb Code     8  hc32f46x_interrupts.o(i.UsageFault_Handler)
    __0printf$8                              0x00003639   Thumb Code    22  printf8.o(i.__0printf$8)
    __1printf$8                              0x00003639   Thumb Code     0  printf8.o(i.__0printf$8)
    __2printf                                0x00003639   Thumb Code     0  printf8.o(i.__0printf$8)
    __0sprintf$8                             0x00003659   Thumb Code    34  printf8.o(i.__0sprintf$8)
    __1sprintf$8                             0x00003659   Thumb Code     0  printf8.o(i.__0sprintf$8)
    __2sprintf                               0x00003659   Thumb Code     0  printf8.o(i.__0sprintf$8)
    __scatterload_copy                       0x00003681   Thumb Code    14  handlers.o(i.__scatterload_copy)
    __scatterload_zeroinit                   0x0000368f   Thumb Code    14  handlers.o(i.__scatterload_zeroinit)
    core_sched                               0x00003d05   Thumb Code    88  k_sched.o(i.core_sched)
    cpu_task_stack_init                      0x00003d71   Thumb Code   176  port_c.o(i.cpu_task_stack_init)
    cut_get_stack_min_free                   0x00003e25   Thumb Code    60  cut.o(i.cut_get_stack_min_free)
    cut_main                                 0x00003f15   Thumb Code   324  cut.o(i.cut_main)
    cut_mm_overview                          0x000040a9   Thumb Code   122  cut.o(i.cut_mm_overview)
    fputc                                    0x00005773   Thumb Code    16  hc32f46x_utility.o(i.fputc)
    idle_task                                0x00005785   Thumb Code    40  k_idle.o(i.idle_task)
    k_err_proc                               0x0000583d   Thumb Code    20  k_err.o(i.k_err_proc)
    k_mm_alloc                               0x00005855   Thumb Code   332  k_mm.o(i.k_mm_alloc)
    k_mm_free                                0x000059a1   Thumb Code   232  k_mm.o(i.k_mm_free)
    k_mm_init                                0x00005b3d   Thumb Code    54  k_mm.o(i.k_mm_init)
    kobj_list_init                           0x00005c29   Thumb Code    50  k_stats.o(i.kobj_list_init)
    krhino_add_mm_region                     0x00005c61   Thumb Code   162  k_mm.o(i.krhino_add_mm_region)
    krhino_buf_queue_recv                    0x00005d05   Thumb Code   320  k_buf_queue.o(i.krhino_buf_queue_recv)
    krhino_cur_task_get                      0x00005ee5   Thumb Code    36  k_task.o(i.krhino_cur_task_get)
    krhino_fix_buf_queue_create              0x00005f53   Thumb Code    44  k_buf_queue.o(i.krhino_fix_buf_queue_create)
    krhino_init                              0x00005f81   Thumb Code    76  k_sys.o(i.krhino_init)
    krhino_init_mm_head                      0x00005fed   Thumb Code   238  k_mm.o(i.krhino_init_mm_head)
    krhino_intrpt_enter                      0x000060ed   Thumb Code    32  k_sys.o(i.krhino_intrpt_enter)
    krhino_intrpt_exit                       0x00006111   Thumb Code    98  k_sys.o(i.krhino_intrpt_exit)
    krhino_mblk_alloc                        0x00006189   Thumb Code    94  k_mm_blk.o(i.krhino_mblk_alloc)
    krhino_mblk_free                         0x000061e7   Thumb Code    68  k_mm_blk.o(i.krhino_mblk_free)
    krhino_mblk_pool_init                    0x0000622d   Thumb Code   214  k_mm_blk.o(i.krhino_mblk_pool_init)
    krhino_mutex_create                      0x00006309   Thumb Code    18  k_mutex.o(i.krhino_mutex_create)
    krhino_mutex_del                         0x0000631d   Thumb Code   176  k_mutex.o(i.krhino_mutex_del)
    krhino_mutex_lock                        0x000063d1   Thumb Code   360  k_mutex.o(i.krhino_mutex_lock)
    krhino_mutex_unlock                      0x00006549   Thumb Code   232  k_mutex.o(i.krhino_mutex_unlock)
    krhino_queue_back_send                   0x0000663d   Thumb Code    18  k_queue.o(i.krhino_queue_back_send)
    krhino_queue_create                      0x0000664f   Thumb Code    28  k_queue.o(i.krhino_queue_create)
    krhino_queue_del                         0x0000666d   Thumb Code   166  k_queue.o(i.krhino_queue_del)
    krhino_queue_recv                        0x00006719   Thumb Code   288  k_queue.o(i.krhino_queue_recv)
    krhino_sem_create                        0x00006845   Thumb Code    22  k_sem.o(i.krhino_sem_create)
    krhino_sem_del                           0x0000685d   Thumb Code   158  k_sem.o(i.krhino_sem_del)
    krhino_sem_give                          0x00006901   Thumb Code    24  k_sem.o(i.krhino_sem_give)
    krhino_sem_take                          0x00006919   Thumb Code   224  k_sem.o(i.krhino_sem_take)
    krhino_stack_ovf_check                   0x00006a05   Thumb Code    56  k_stats.o(i.krhino_stack_ovf_check)
    krhino_start                             0x00006a45   Thumb Code    44  k_sys.o(i.krhino_start)
    krhino_sys_tick_get                      0x00006a81   Thumb Code    24  k_time.o(i.krhino_sys_tick_get)
    krhino_task_create                       0x00006a9d   Thumb Code    54  k_task.o(i.krhino_task_create)
    krhino_task_deathbed                     0x00006ad3   Thumb Code    24  k_task.o(i.krhino_task_deathbed)
    krhino_task_del                          0x00006aed   Thumb Code   282  k_task.o(i.krhino_task_del)
    krhino_task_sleep                        0x00006c19   Thumb Code   178  k_task.o(i.krhino_task_sleep)
    krhino_task_stack_min_free               0x00006cdd   Thumb Code    60  k_task.o(i.krhino_task_stack_min_free)
    krhino_tick_proc                         0x00006d19   Thumb Code    12  k_time.o(i.krhino_tick_proc)
    ktimer_init                              0x00006d25   Thumb Code    66  k_timer.o(i.ktimer_init)
    main                                     0x00006d99   Thumb Code   148  main.o(i.main)
    mutex_create                             0x00006f01   Thumb Code   102  k_mutex.o(i.mutex_create)
    mutex_pri_look                           0x00006f6d   Thumb Code    78  k_mutex.o(i.mutex_pri_look)
    mutex_task_pri_reset                     0x00006fdd   Thumb Code    38  k_mutex.o(i.mutex_task_pri_reset)
    pend_list_reorder                        0x00007185   Thumb Code    28  k_pend.o(i.pend_list_reorder)
    pend_state_end_proc                      0x000071a1   Thumb Code    66  k_pend.o(i.pend_state_end_proc)
    pend_task_rm                             0x000071e5   Thumb Code    86  k_pend.o(i.pend_task_rm)
    pend_task_wakeup                         0x00007241   Thumb Code    84  k_pend.o(i.pend_task_wakeup)
    pend_to_blk_obj                          0x00007299   Thumb Code    82  k_pend.o(i.pend_to_blk_obj)
    preferred_cpu_ready_task_get             0x000072f1   Thumb Code    22  k_sched.o(i.preferred_cpu_ready_task_get)
    ready_list_add                           0x000073a5   Thumb Code    48  k_sched.o(i.ready_list_add)
    ready_list_add_head                      0x000073d9   Thumb Code    66  k_sched.o(i.ready_list_add_head)
    ready_list_add_tail                      0x0000741b   Thumb Code    54  k_sched.o(i.ready_list_add_tail)
    ready_list_rm                            0x000074a3   Thumb Code   146  k_sched.o(i.ready_list_rm)
    ringbuf_init                             0x0000761d   Thumb Code    30  k_ringbuf.o(i.ringbuf_init)
    ringbuf_is_empty                         0x0000763b   Thumb Code    22  k_ringbuf.o(i.ringbuf_is_empty)
    ringbuf_is_full                          0x00007651   Thumb Code    38  k_ringbuf.o(i.ringbuf_is_full)
    ringbuf_pop                              0x00007677   Thumb Code   324  k_ringbuf.o(i.ringbuf_pop)
    ringbuf_push                             0x000077bb   Thumb Code   280  k_ringbuf.o(i.ringbuf_push)
    ringbuf_reset                            0x000078d3   Thumb Code    22  k_ringbuf.o(i.ringbuf_reset)
    runqueue_init                            0x000078e9   Thumb Code    26  k_sched.o(i.runqueue_init)
    sdk_init                                 0x00007903   Thumb Code     2  sys_init.o(i.sdk_init)
    soc_err_proc                             0x00007a3d   Thumb Code    14  soc_impl.o(i.soc_err_proc)
    soc_get_cur_sp                           0x00007a65   Thumb Code     4  soc_impl.o(i.soc_get_cur_sp)
    system_clk_init                          0x00007ad1   Thumb Code   346  system_clk.o(i.system_clk_init)
    task_pri_change                          0x00007fd5   Thumb Code   216  k_task.o(i.task_pri_change)
    test_certificate                         0x000080b5   Thumb Code    48  rhino_test_nano.o(i.test_certificate)
    test_task                                0x000080fd   Thumb Code   316  rhino_test_nano.o(i.test_task)
    tick_list_init                           0x00008291   Thumb Code    10  k_tick.o(i.tick_list_init)
    tick_list_insert                         0x000082a1   Thumb Code    56  k_tick.o(i.tick_list_insert)
    tick_list_rm                             0x00008345   Thumb Code    22  k_tick.o(i.tick_list_rm)
    tick_list_update                         0x0000835d   Thumb Code   272  k_tick.o(i.tick_list_update)
    Region$$Table$$Base                      0x0000890c   Number         0  anon$$obj.o(Region$$Table)
    Region$$Table$$Limit                     0x0000892c   Number         0  anon$$obj.o(Region$$Table)
    uwTick                                   0x1fff8000   Data           4  sys_init.o(.data)
    SystemCoreClock                          0x1fff8004   Data           4  system_hc32f46x.o(.data)
    g_sys_stat                               0x1fff8008   Data           2  k_obj.o(.data)
    g_idle_task_spawned                      0x1fff800a   Data           1  k_obj.o(.data)
    g_sched_lock                             0x1fff800b   Data           1  k_obj.o(.data)
    g_intrpt_nested_level                    0x1fff800c   Data           1  k_obj.o(.data)
    g_preferred_ready_task                   0x1fff8010   Data           4  k_obj.o(.data)
    g_active_task                            0x1fff8014   Data           4  k_obj.o(.data)
    g_idle_count                             0x1fff8018   Data           8  k_obj.o(.data)
    g_tick_count                             0x1fff8020   Data           8  k_obj.o(.data)
    g_tick_head                              0x1fff8028   Data           8  k_obj.o(.data)
    g_timer_head                             0x1fff8030   Data           8  k_obj.o(.data)
    g_timer_count                            0x1fff8038   Data           8  k_obj.o(.data)
    g_kmm_head                               0x1fff8040   Data           4  k_obj.o(.data)
    g_mm_region                              0x1fff8044   Data           8  soc_impl.o(.data)
    g_region_num                             0x1fff804c   Data           4  soc_impl.o(.data)
    g_err_proc                               0x1fff8050   Data           4  soc_impl.o(.data)
    cut_suite_test_mm                        0x1fff805c   Data           4  rhino_test_nano.o(.data)
    cut_suite_test_task                      0x1fff8140   Data          32  rhino_test_nano.o(.data)
    cut_suite_test_task_comm                 0x1fff8220   Data          28  rhino_test_nano.o(.data)
    cut_suite_test_timer                     0x1fff823c   Data           4  rhino_test_nano.o(.data)
    __stdout                                 0x1fff8240   Data           4  stdout.o(.data)
    Clkdata                                  0x1fff8244   Data          32  main.o(.bss)
    g_ready_queue                            0x1fff8268   Data         260  k_obj.o(.bss)
    g_idle_task                              0x1fff8370   Data          88  k_obj.o(.bss)
    g_idle_task_stack                        0x1fff83c8   Data         400  k_obj.o(.bss)
    g_kobj_list                              0x1fff8558   Data          48  k_obj.o(.bss)
    g_timer_task                             0x1fff8588   Data          88  k_obj.o(.bss)
    g_timer_task_stack                       0x1fff85e0   Data        1200  k_obj.o(.bss)
    g_timer_queue                            0x1fff8a90   Data          76  k_obj.o(.bss)
    timer_queue_cb                           0x1fff8ae0   Data         480  k_obj.o(.bss)
    g_heap_buf                               0x1fff8cc0   Data         512  soc_impl.o(.bss)
    cut                                      0x1fff97a0   Data         152  cut.o(.bss)
    IrqHandler                               0x1fff9838   Data         512  hc32f46x_interrupts.o(.bss)
    __initial_sp                             0x1fffaa38   Data           0  startup_hc32f46x.o(STACK)



==============================================================================

Memory Map of the image

  Image Entry point : 0x00000281

  Load Region LR_IROM1 (Base: 0x00000000, Size: 0x00008b70, Max: 0x00080000, ABSOLUTE, COMPRESSED[0x000089d8])

    Execution Region ER_IROM1 (Exec base: 0x00000000, Load base: 0x00000000, Size: 0x0000892c, Max: 0x00080000, ABSOLUTE)

    Exec Addr    Load Addr    Size         Type   Attr      Idx    E Section Name        Object

    0x00000000   0x00000000   0x00000280   Data   RO          410    RESET               startup_hc32f46x.o
    0x00000280   0x00000280   0x00000000   Code   RO         8295  * .ARM.Collect$$$$00000000  mc_w.l(entry.o)
    0x00000280   0x00000280   0x00000004   Code   RO         8577    .ARM.Collect$$$$00000001  mc_w.l(entry2.o)
    0x00000284   0x00000284   0x00000004   Code   RO         8580    .ARM.Collect$$$$00000004  mc_w.l(entry5.o)
    0x00000288   0x00000288   0x00000000   Code   RO         8582    .ARM.Collect$$$$00000008  mc_w.l(entry7b.o)
    0x00000288   0x00000288   0x00000000   Code   RO         8584    .ARM.Collect$$$$0000000A  mc_w.l(entry8b.o)
    0x00000288   0x00000288   0x00000008   Code   RO         8585    .ARM.Collect$$$$0000000B  mc_w.l(entry9a.o)
    0x00000290   0x00000290   0x00000000   Code   RO         8587    .ARM.Collect$$$$0000000D  mc_w.l(entry10a.o)
    0x00000290   0x00000290   0x00000000   Code   RO         8589    .ARM.Collect$$$$0000000F  mc_w.l(entry11a.o)
    0x00000290   0x00000290   0x00000004   Code   RO         8578    .ARM.Collect$$$$00002712  mc_w.l(entry2.o)
    0x00000294   0x00000294   0x00000014   Code   RO         8285    .emb_text           fpu_enable.o
    0x000002a8   0x000002a8   0x00000040   Code   RO          411    .text               startup_hc32f46x.o
    0x000002e8   0x000002e8   0x000000b0   Code   RO         2049    .text               port_s.o
    0x00000398   0x00000398   0x00000062   Code   RO         8298    .text               mc_w.l(uldiv.o)
    0x000003fa   0x000003fa   0x00000002   Code   RO         2318    i.__aeabi_assert    armcc_libc.o
    0x000003fc   0x000003fc   0x00000002   Code   RO         8618    i.__scatterload_null  mc_w.l(handlers.o)
    0x000003fe   0x000003fe   0x00000002   Code   RO         2091    i.cut_test_task_aos_1_007_run  rhino_test_nano.o
    0x00000400   0x00000400   0x00000020   Data   RO         4374    .ARM.__AT_0x00000400  hc32f46x_icg.o
    0x00000420   0x00000420   0x00000028   Code   RO         8300    .text               mc_w.l(memcpy.o)
    0x00000448   0x00000448   0x00000024   Code   RO         8304    .text               mc_w.l(memseta.o)
    0x0000046c   0x0000046c   0x00000024   Code   RO         8306    .text               mc_w.l(strstr.o)
    0x00000490   0x00000490   0x0000001c   Code   RO         8310    .text               mc_w.l(strcmp.o)
    0x000004ac   0x000004ac   0x0000001e   Code   RO         8594    .text               mc_w.l(llshl.o)
    0x000004ca   0x000004ca   0x00000020   Code   RO         8596    .text               mc_w.l(llushr.o)
    0x000004ea   0x000004ea   0x00000002   PAD
    0x000004ec   0x000004ec   0x00000024   Code   RO         8609    .text               mc_w.l(init.o)
    0x00000510   0x00000510   0x00000056   Code   RO         8623    .text               mc_w.l(__dczerorl2.o)
    0x00000566   0x00000566   0x00000008   Code   RO         4399    i.BusFault_Handler  hc32f46x_interrupts.o
    0x0000056e   0x0000056e   0x00000002   PAD
    0x00000570   0x00000570   0x00000128   Code   RO         2816    i.CLK_GetClockFreq  hc32f46x_clk.o
    0x00000698   0x00000698   0x00000078   Code   RO         2819    i.CLK_GetFlagStatus  hc32f46x_clk.o
    0x00000710   0x00000710   0x000000ac   Code   RO         2823    i.CLK_HrcCmd        hc32f46x_clk.o
    0x000007bc   0x000007bc   0x00000068   Code   RO         2825    i.CLK_LrcCmd        hc32f46x_clk.o
    0x00000824   0x00000824   0x0000007c   Code   RO         2827    i.CLK_MpllCmd       hc32f46x_clk.o
    0x000008a0   0x000008a0   0x000000a8   Code   RO         2828    i.CLK_MpllConfig    hc32f46x_clk.o
    0x00000948   0x00000948   0x00000028   Code   RO         2834    i.CLK_SetPeriClkSource  hc32f46x_clk.o
    0x00000970   0x00000970   0x00000030   Code   RO         2835    i.CLK_SetPllSource  hc32f46x_clk.o
    0x000009a0   0x000009a0   0x000000c0   Code   RO         2836    i.CLK_SetSysClkSource  hc32f46x_clk.o
    0x00000a60   0x00000a60   0x000000d4   Code   RO         2837    i.CLK_SetUsbClkSource  hc32f46x_clk.o
    0x00000b34   0x00000b34   0x000000d0   Code   RO         2838    i.CLK_SysClkConfig  hc32f46x_clk.o
    0x00000c04   0x00000c04   0x00000064   Code   RO         2841    i.CLK_UpllCmd       hc32f46x_clk.o
    0x00000c68   0x00000c68   0x00000068   Code   RO         2843    i.CLK_Xtal32Cmd     hc32f46x_clk.o
    0x00000cd0   0x00000cd0   0x00000054   Code   RO         2844    i.CLK_Xtal32Config  hc32f46x_clk.o
    0x00000d24   0x00000d24   0x000000b0   Code   RO         2845    i.CLK_XtalCmd       hc32f46x_clk.o
    0x00000dd4   0x00000dd4   0x0000009c   Code   RO         8150    i.Ddl_UartInit      hc32f46x_utility.o
    0x00000e70   0x00000e70   0x00000008   Code   RO         4400    i.DebugMon_Handler  hc32f46x_interrupts.o
    0x00000e78   0x00000e78   0x00000018   Code   RO         8151    i.DebugOutput       hc32f46x_utility.o
    0x00000e90   0x00000e90   0x00000014   Code   RO         3580    i.EFM_InstructionCacheCmd  hc32f46x_efm.o
    0x00000ea4   0x00000ea4   0x00000018   Code   RO         3582    i.EFM_Lock          hc32f46x_efm.o
    0x00000ebc   0x00000ebc   0x00000014   Code   RO         3591    i.EFM_SetLatency    hc32f46x_efm.o
    0x00000ed0   0x00000ed0   0x00000014   Code   RO         3596    i.EFM_Unlock        hc32f46x_efm.o
    0x00000ee4   0x00000ee4   0x00000010   Code   RO            7    i.HAL_IncTick       sys_init.o
    0x00000ef4   0x00000ef4   0x00000008   Code   RO         4401    i.HardFault_Handler  hc32f46x_interrupts.o
    0x00000efc   0x00000efc   0x00000014   Code   RO         4402    i.IRQ000_Handler    hc32f46x_interrupts.o
    0x00000f10   0x00000f10   0x00000014   Code   RO         4403    i.IRQ001_Handler    hc32f46x_interrupts.o
    0x00000f24   0x00000f24   0x00000014   Code   RO         4404    i.IRQ002_Handler    hc32f46x_interrupts.o
    0x00000f38   0x00000f38   0x00000014   Code   RO         4405    i.IRQ003_Handler    hc32f46x_interrupts.o
    0x00000f4c   0x00000f4c   0x00000014   Code   RO         4406    i.IRQ004_Handler    hc32f46x_interrupts.o
    0x00000f60   0x00000f60   0x00000014   Code   RO         4407    i.IRQ005_Handler    hc32f46x_interrupts.o
    0x00000f74   0x00000f74   0x00000014   Code   RO         4408    i.IRQ006_Handler    hc32f46x_interrupts.o
    0x00000f88   0x00000f88   0x00000014   Code   RO         4409    i.IRQ007_Handler    hc32f46x_interrupts.o
    0x00000f9c   0x00000f9c   0x00000014   Code   RO         4410    i.IRQ008_Handler    hc32f46x_interrupts.o
    0x00000fb0   0x00000fb0   0x00000014   Code   RO         4411    i.IRQ009_Handler    hc32f46x_interrupts.o
    0x00000fc4   0x00000fc4   0x00000014   Code   RO         4412    i.IRQ010_Handler    hc32f46x_interrupts.o
    0x00000fd8   0x00000fd8   0x00000014   Code   RO         4413    i.IRQ011_Handler    hc32f46x_interrupts.o
    0x00000fec   0x00000fec   0x00000014   Code   RO         4414    i.IRQ012_Handler    hc32f46x_interrupts.o
    0x00001000   0x00001000   0x00000014   Code   RO         4415    i.IRQ013_Handler    hc32f46x_interrupts.o
    0x00001014   0x00001014   0x00000014   Code   RO         4416    i.IRQ014_Handler    hc32f46x_interrupts.o
    0x00001028   0x00001028   0x00000014   Code   RO         4417    i.IRQ015_Handler    hc32f46x_interrupts.o
    0x0000103c   0x0000103c   0x00000014   Code   RO         4418    i.IRQ016_Handler    hc32f46x_interrupts.o
    0x00001050   0x00001050   0x00000014   Code   RO         4419    i.IRQ017_Handler    hc32f46x_interrupts.o
    0x00001064   0x00001064   0x00000014   Code   RO         4420    i.IRQ018_Handler    hc32f46x_interrupts.o
    0x00001078   0x00001078   0x00000014   Code   RO         4421    i.IRQ019_Handler    hc32f46x_interrupts.o
    0x0000108c   0x0000108c   0x00000014   Code   RO         4422    i.IRQ020_Handler    hc32f46x_interrupts.o
    0x000010a0   0x000010a0   0x00000014   Code   RO         4423    i.IRQ021_Handler    hc32f46x_interrupts.o
    0x000010b4   0x000010b4   0x00000014   Code   RO         4424    i.IRQ022_Handler    hc32f46x_interrupts.o
    0x000010c8   0x000010c8   0x00000014   Code   RO         4425    i.IRQ023_Handler    hc32f46x_interrupts.o
    0x000010dc   0x000010dc   0x00000014   Code   RO         4426    i.IRQ024_Handler    hc32f46x_interrupts.o
    0x000010f0   0x000010f0   0x00000014   Code   RO         4427    i.IRQ025_Handler    hc32f46x_interrupts.o
    0x00001104   0x00001104   0x00000014   Code   RO         4428    i.IRQ026_Handler    hc32f46x_interrupts.o
    0x00001118   0x00001118   0x00000014   Code   RO         4429    i.IRQ027_Handler    hc32f46x_interrupts.o
    0x0000112c   0x0000112c   0x00000014   Code   RO         4430    i.IRQ028_Handler    hc32f46x_interrupts.o
    0x00001140   0x00001140   0x00000014   Code   RO         4431    i.IRQ029_Handler    hc32f46x_interrupts.o
    0x00001154   0x00001154   0x00000014   Code   RO         4432    i.IRQ030_Handler    hc32f46x_interrupts.o
    0x00001168   0x00001168   0x00000014   Code   RO         4433    i.IRQ031_Handler    hc32f46x_interrupts.o
    0x0000117c   0x0000117c   0x00000018   Code   RO         4434    i.IRQ032_Handler    hc32f46x_interrupts.o
    0x00001194   0x00001194   0x00000018   Code   RO         4435    i.IRQ033_Handler    hc32f46x_interrupts.o
    0x000011ac   0x000011ac   0x00000018   Code   RO         4436    i.IRQ034_Handler    hc32f46x_interrupts.o
    0x000011c4   0x000011c4   0x00000018   Code   RO         4437    i.IRQ035_Handler    hc32f46x_interrupts.o
    0x000011dc   0x000011dc   0x00000018   Code   RO         4438    i.IRQ036_Handler    hc32f46x_interrupts.o
    0x000011f4   0x000011f4   0x00000018   Code   RO         4439    i.IRQ037_Handler    hc32f46x_interrupts.o
    0x0000120c   0x0000120c   0x00000018   Code   RO         4440    i.IRQ038_Handler    hc32f46x_interrupts.o
    0x00001224   0x00001224   0x00000018   Code   RO         4441    i.IRQ039_Handler    hc32f46x_interrupts.o
    0x0000123c   0x0000123c   0x00000018   Code   RO         4442    i.IRQ040_Handler    hc32f46x_interrupts.o
    0x00001254   0x00001254   0x00000018   Code   RO         4443    i.IRQ041_Handler    hc32f46x_interrupts.o
    0x0000126c   0x0000126c   0x00000018   Code   RO         4444    i.IRQ042_Handler    hc32f46x_interrupts.o
    0x00001284   0x00001284   0x00000018   Code   RO         4445    i.IRQ043_Handler    hc32f46x_interrupts.o
    0x0000129c   0x0000129c   0x00000018   Code   RO         4446    i.IRQ044_Handler    hc32f46x_interrupts.o
    0x000012b4   0x000012b4   0x00000018   Code   RO         4447    i.IRQ045_Handler    hc32f46x_interrupts.o
    0x000012cc   0x000012cc   0x00000018   Code   RO         4448    i.IRQ046_Handler    hc32f46x_interrupts.o
    0x000012e4   0x000012e4   0x00000018   Code   RO         4449    i.IRQ047_Handler    hc32f46x_interrupts.o
    0x000012fc   0x000012fc   0x00000018   Code   RO         4450    i.IRQ048_Handler    hc32f46x_interrupts.o
    0x00001314   0x00001314   0x00000018   Code   RO         4451    i.IRQ049_Handler    hc32f46x_interrupts.o
    0x0000132c   0x0000132c   0x00000018   Code   RO         4452    i.IRQ050_Handler    hc32f46x_interrupts.o
    0x00001344   0x00001344   0x00000018   Code   RO         4453    i.IRQ051_Handler    hc32f46x_interrupts.o
    0x0000135c   0x0000135c   0x00000018   Code   RO         4454    i.IRQ052_Handler    hc32f46x_interrupts.o
    0x00001374   0x00001374   0x00000018   Code   RO         4455    i.IRQ053_Handler    hc32f46x_interrupts.o
    0x0000138c   0x0000138c   0x00000018   Code   RO         4456    i.IRQ054_Handler    hc32f46x_interrupts.o
    0x000013a4   0x000013a4   0x00000018   Code   RO         4457    i.IRQ055_Handler    hc32f46x_interrupts.o
    0x000013bc   0x000013bc   0x00000018   Code   RO         4458    i.IRQ056_Handler    hc32f46x_interrupts.o
    0x000013d4   0x000013d4   0x00000018   Code   RO         4459    i.IRQ057_Handler    hc32f46x_interrupts.o
    0x000013ec   0x000013ec   0x00000018   Code   RO         4460    i.IRQ058_Handler    hc32f46x_interrupts.o
    0x00001404   0x00001404   0x00000018   Code   RO         4461    i.IRQ059_Handler    hc32f46x_interrupts.o
    0x0000141c   0x0000141c   0x00000018   Code   RO         4462    i.IRQ060_Handler    hc32f46x_interrupts.o
    0x00001434   0x00001434   0x00000018   Code   RO         4463    i.IRQ061_Handler    hc32f46x_interrupts.o
    0x0000144c   0x0000144c   0x00000018   Code   RO         4464    i.IRQ062_Handler    hc32f46x_interrupts.o
    0x00001464   0x00001464   0x00000018   Code   RO         4465    i.IRQ063_Handler    hc32f46x_interrupts.o
    0x0000147c   0x0000147c   0x00000018   Code   RO         4466    i.IRQ064_Handler    hc32f46x_interrupts.o
    0x00001494   0x00001494   0x00000018   Code   RO         4467    i.IRQ065_Handler    hc32f46x_interrupts.o
    0x000014ac   0x000014ac   0x00000018   Code   RO         4468    i.IRQ066_Handler    hc32f46x_interrupts.o
    0x000014c4   0x000014c4   0x00000018   Code   RO         4469    i.IRQ067_Handler    hc32f46x_interrupts.o
    0x000014dc   0x000014dc   0x00000018   Code   RO         4470    i.IRQ068_Handler    hc32f46x_interrupts.o
    0x000014f4   0x000014f4   0x00000018   Code   RO         4471    i.IRQ069_Handler    hc32f46x_interrupts.o
    0x0000150c   0x0000150c   0x00000018   Code   RO         4472    i.IRQ070_Handler    hc32f46x_interrupts.o
    0x00001524   0x00001524   0x00000018   Code   RO         4473    i.IRQ071_Handler    hc32f46x_interrupts.o
    0x0000153c   0x0000153c   0x00000018   Code   RO         4474    i.IRQ072_Handler    hc32f46x_interrupts.o
    0x00001554   0x00001554   0x00000018   Code   RO         4475    i.IRQ073_Handler    hc32f46x_interrupts.o
    0x0000156c   0x0000156c   0x00000018   Code   RO         4476    i.IRQ074_Handler    hc32f46x_interrupts.o
    0x00001584   0x00001584   0x00000018   Code   RO         4477    i.IRQ075_Handler    hc32f46x_interrupts.o
    0x0000159c   0x0000159c   0x00000018   Code   RO         4478    i.IRQ076_Handler    hc32f46x_interrupts.o
    0x000015b4   0x000015b4   0x00000018   Code   RO         4479    i.IRQ077_Handler    hc32f46x_interrupts.o
    0x000015cc   0x000015cc   0x00000018   Code   RO         4480    i.IRQ078_Handler    hc32f46x_interrupts.o
    0x000015e4   0x000015e4   0x00000018   Code   RO         4481    i.IRQ079_Handler    hc32f46x_interrupts.o
    0x000015fc   0x000015fc   0x00000018   Code   RO         4482    i.IRQ080_Handler    hc32f46x_interrupts.o
    0x00001614   0x00001614   0x00000018   Code   RO         4483    i.IRQ081_Handler    hc32f46x_interrupts.o
    0x0000162c   0x0000162c   0x00000018   Code   RO         4484    i.IRQ082_Handler    hc32f46x_interrupts.o
    0x00001644   0x00001644   0x00000018   Code   RO         4485    i.IRQ083_Handler    hc32f46x_interrupts.o
    0x0000165c   0x0000165c   0x00000018   Code   RO         4486    i.IRQ084_Handler    hc32f46x_interrupts.o
    0x00001674   0x00001674   0x00000018   Code   RO         4487    i.IRQ085_Handler    hc32f46x_interrupts.o
    0x0000168c   0x0000168c   0x00000018   Code   RO         4488    i.IRQ086_Handler    hc32f46x_interrupts.o
    0x000016a4   0x000016a4   0x00000018   Code   RO         4489    i.IRQ087_Handler    hc32f46x_interrupts.o
    0x000016bc   0x000016bc   0x00000018   Code   RO         4490    i.IRQ088_Handler    hc32f46x_interrupts.o
    0x000016d4   0x000016d4   0x00000018   Code   RO         4491    i.IRQ089_Handler    hc32f46x_interrupts.o
    0x000016ec   0x000016ec   0x00000018   Code   RO         4492    i.IRQ090_Handler    hc32f46x_interrupts.o
    0x00001704   0x00001704   0x00000018   Code   RO         4493    i.IRQ091_Handler    hc32f46x_interrupts.o
    0x0000171c   0x0000171c   0x00000018   Code   RO         4494    i.IRQ092_Handler    hc32f46x_interrupts.o
    0x00001734   0x00001734   0x00000018   Code   RO         4495    i.IRQ093_Handler    hc32f46x_interrupts.o
    0x0000174c   0x0000174c   0x00000018   Code   RO         4496    i.IRQ094_Handler    hc32f46x_interrupts.o
    0x00001764   0x00001764   0x00000018   Code   RO         4497    i.IRQ095_Handler    hc32f46x_interrupts.o
    0x0000177c   0x0000177c   0x00000018   Code   RO         4498    i.IRQ096_Handler    hc32f46x_interrupts.o
    0x00001794   0x00001794   0x00000018   Code   RO         4499    i.IRQ097_Handler    hc32f46x_interrupts.o
    0x000017ac   0x000017ac   0x00000018   Code   RO         4500    i.IRQ098_Handler    hc32f46x_interrupts.o
    0x000017c4   0x000017c4   0x00000018   Code   RO         4501    i.IRQ099_Handler    hc32f46x_interrupts.o
    0x000017dc   0x000017dc   0x00000018   Code   RO         4502    i.IRQ100_Handler    hc32f46x_interrupts.o
    0x000017f4   0x000017f4   0x00000018   Code   RO         4503    i.IRQ101_Handler    hc32f46x_interrupts.o
    0x0000180c   0x0000180c   0x00000018   Code   RO         4504    i.IRQ102_Handler    hc32f46x_interrupts.o
    0x00001824   0x00001824   0x00000018   Code   RO         4505    i.IRQ103_Handler    hc32f46x_interrupts.o
    0x0000183c   0x0000183c   0x00000018   Code   RO         4506    i.IRQ104_Handler    hc32f46x_interrupts.o
    0x00001854   0x00001854   0x00000018   Code   RO         4507    i.IRQ105_Handler    hc32f46x_interrupts.o
    0x0000186c   0x0000186c   0x00000018   Code   RO         4508    i.IRQ106_Handler    hc32f46x_interrupts.o
    0x00001884   0x00001884   0x00000018   Code   RO         4509    i.IRQ107_Handler    hc32f46x_interrupts.o
    0x0000189c   0x0000189c   0x00000018   Code   RO         4510    i.IRQ108_Handler    hc32f46x_interrupts.o
    0x000018b4   0x000018b4   0x00000018   Code   RO         4511    i.IRQ109_Handler    hc32f46x_interrupts.o
    0x000018cc   0x000018cc   0x00000018   Code   RO         4512    i.IRQ110_Handler    hc32f46x_interrupts.o
    0x000018e4   0x000018e4   0x00000018   Code   RO         4513    i.IRQ111_Handler    hc32f46x_interrupts.o
    0x000018fc   0x000018fc   0x00000018   Code   RO         4514    i.IRQ112_Handler    hc32f46x_interrupts.o
    0x00001914   0x00001914   0x00000018   Code   RO         4515    i.IRQ113_Handler    hc32f46x_interrupts.o
    0x0000192c   0x0000192c   0x00000018   Code   RO         4516    i.IRQ114_Handler    hc32f46x_interrupts.o
    0x00001944   0x00001944   0x00000018   Code   RO         4517    i.IRQ115_Handler    hc32f46x_interrupts.o
    0x0000195c   0x0000195c   0x00000018   Code   RO         4518    i.IRQ116_Handler    hc32f46x_interrupts.o
    0x00001974   0x00001974   0x00000018   Code   RO         4519    i.IRQ117_Handler    hc32f46x_interrupts.o
    0x0000198c   0x0000198c   0x00000018   Code   RO         4520    i.IRQ118_Handler    hc32f46x_interrupts.o
    0x000019a4   0x000019a4   0x00000018   Code   RO         4521    i.IRQ119_Handler    hc32f46x_interrupts.o
    0x000019bc   0x000019bc   0x00000018   Code   RO         4522    i.IRQ120_Handler    hc32f46x_interrupts.o
    0x000019d4   0x000019d4   0x00000018   Code   RO         4523    i.IRQ121_Handler    hc32f46x_interrupts.o
    0x000019ec   0x000019ec   0x00000018   Code   RO         4524    i.IRQ122_Handler    hc32f46x_interrupts.o
    0x00001a04   0x00001a04   0x00000018   Code   RO         4525    i.IRQ123_Handler    hc32f46x_interrupts.o
    0x00001a1c   0x00001a1c   0x00000018   Code   RO         4526    i.IRQ124_Handler    hc32f46x_interrupts.o
    0x00001a34   0x00001a34   0x00000018   Code   RO         4527    i.IRQ125_Handler    hc32f46x_interrupts.o
    0x00001a4c   0x00001a4c   0x00000018   Code   RO         4528    i.IRQ126_Handler    hc32f46x_interrupts.o
    0x00001a64   0x00001a64   0x00000018   Code   RO         4529    i.IRQ127_Handler    hc32f46x_interrupts.o
    0x00001a7c   0x00001a7c   0x00000150   Code   RO         4530    i.IRQ128_Handler    hc32f46x_interrupts.o
    0x00001bcc   0x00001bcc   0x00000328   Code   RO         4531    i.IRQ129_Handler    hc32f46x_interrupts.o
    0x00001ef4   0x00001ef4   0x000000dc   Code   RO         4532    i.IRQ130_Handler    hc32f46x_interrupts.o
    0x00001fd0   0x00001fd0   0x000002c8   Code   RO         4533    i.IRQ131_Handler    hc32f46x_interrupts.o
    0x00002298   0x00002298   0x00000170   Code   RO         4534    i.IRQ132_Handler    hc32f46x_interrupts.o
    0x00002408   0x00002408   0x00000320   Code   RO         4535    i.IRQ136_Handler    hc32f46x_interrupts.o
    0x00002728   0x00002728   0x00000288   Code   RO         4536    i.IRQ137_Handler    hc32f46x_interrupts.o
    0x000029b0   0x000029b0   0x00000230   Code   RO         4537    i.IRQ138_Handler    hc32f46x_interrupts.o
    0x00002be0   0x00002be0   0x00000120   Code   RO         4538    i.IRQ139_Handler    hc32f46x_interrupts.o
    0x00002d00   0x00002d00   0x00000214   Code   RO         4539    i.IRQ140_Handler    hc32f46x_interrupts.o
    0x00002f14   0x00002f14   0x00000244   Code   RO         4540    i.IRQ141_Handler    hc32f46x_interrupts.o
    0x00003158   0x00003158   0x00000114   Code   RO         4541    i.IRQ142_Handler    hc32f46x_interrupts.o
    0x0000326c   0x0000326c   0x00000110   Code   RO         4542    i.IRQ143_Handler    hc32f46x_interrupts.o
    0x0000337c   0x0000337c   0x00000008   Code   RO         4543    i.MemManage_Handler  hc32f46x_interrupts.o
    0x00003384   0x00003384   0x00000008   Code   RO         4544    i.NMI_Handler       hc32f46x_interrupts.o
    0x0000338c   0x0000338c   0x00000010   Code   RO         6675    i.SRAM_CK_Disable   hc32f46x_sram.o
    0x0000339c   0x0000339c   0x00000010   Code   RO         6676    i.SRAM_CK_Enable    hc32f46x_sram.o
    0x000033ac   0x000033ac   0x00000010   Code   RO         6681    i.SRAM_WT_Disable   hc32f46x_sram.o
    0x000033bc   0x000033bc   0x00000010   Code   RO         6682    i.SRAM_WT_Enable    hc32f46x_sram.o
    0x000033cc   0x000033cc   0x00000008   Code   RO         4545    i.SVC_Handler       hc32f46x_interrupts.o
    0x000033d4   0x000033d4   0x0000017c   Code   RO         8152    i.SetUartBaudrate   hc32f46x_utility.o
    0x00003550   0x00003550   0x00000014   Code   RO         4546    i.SysTick_Handler   hc32f46x_interrupts.o
    0x00003564   0x00003564   0x000000c4   Code   RO          418    i.SystemCoreClockUpdate  system_hc32f46x.o
    0x00003628   0x00003628   0x00000008   Code   RO          419    i.SystemInit        system_hc32f46x.o
    0x00003630   0x00003630   0x00000008   Code   RO         4547    i.UsageFault_Handler  hc32f46x_interrupts.o
    0x00003638   0x00003638   0x00000020   Code   RO         8523    i.__0printf$8       mc_w.l(printf8.o)
    0x00003658   0x00003658   0x00000028   Code   RO         8525    i.__0sprintf$8      mc_w.l(printf8.o)
    0x00003680   0x00003680   0x0000000e   Code   RO         8617    i.__scatterload_copy  mc_w.l(handlers.o)
    0x0000368e   0x0000368e   0x0000000e   Code   RO         8619    i.__scatterload_zeroinit  mc_w.l(handlers.o)
    0x0000369c   0x0000369c   0x00000410   Code   RO         8530    i._printf_core      mc_w.l(printf8.o)
    0x00003aac   0x00003aac   0x00000024   Code   RO         8531    i._printf_post_padding  mc_w.l(printf8.o)
    0x00003ad0   0x00003ad0   0x0000002e   Code   RO         8532    i._printf_pre_padding  mc_w.l(printf8.o)
    0x00003afe   0x00003afe   0x0000000a   Code   RO         8534    i._sputc            mc_w.l(printf8.o)
    0x00003b08   0x00003b08   0x00000052   Code   RO          839    i.addsize           k_mm.o
    0x00003b5a   0x00003b5a   0x00000002   PAD
    0x00003b5c   0x00003b5c   0x000000ac   Code   RO          694    i.buf_queue_create  k_buf_queue.o
    0x00003c08   0x00003c08   0x000000fc   Code   RO         1937    i.cmd_proc          k_timer.o
    0x00003d04   0x00003d04   0x0000006c   Code   RO         1375    i.core_sched        k_sched.o
    0x00003d70   0x00003d70   0x000000b4   Code   RO         2037    i.cpu_task_stack_init  port_c.o
    0x00003e24   0x00003e24   0x00000070   Code   RO         2223    i.cut_get_stack_min_free  cut.o
    0x00003e94   0x00003e94   0x00000080   Code   RO         2224    i.cut_int2str       cut.o
    0x00003f14   0x00003f14   0x00000194   Code   RO         2225    i.cut_main          cut.o
    0x000040a8   0x000040a8   0x0000010c   Code   RO         2226    i.cut_mm_overview   cut.o
    0x000041b4   0x000041b4   0x0000002c   Code   RO         2227    i.cut_result_report  cut.o
    0x000041e0   0x000041e0   0x0000016c   Code   RO         2090    i.cut_test_task_aos_1_006_run  rhino_test_nano.o
    0x0000434c   0x0000434c   0x00000002   Code   RO         2092    i.cut_test_task_aos_1_008_run  rhino_test_nano.o
    0x0000434e   0x0000434e   0x00000002   Code   RO         2093    i.cut_test_task_aos_1_009_run  rhino_test_nano.o
    0x00004350   0x00004350   0x00000002   Code   RO         2094    i.cut_test_task_aos_1_010_run  rhino_test_nano.o
    0x00004352   0x00004352   0x00000002   PAD
    0x00004354   0x00004354   0x00000230   Code   RO         2095    i.cut_test_task_aos_1_011_run  rhino_test_nano.o
    0x00004584   0x00004584   0x0000017c   Code   RO         2096    i.cut_test_task_aos_1_012_run  rhino_test_nano.o
    0x00004700   0x00004700   0x000001bc   Code   RO         2097    i.cut_test_task_comm_aos_1_013_run  rhino_test_nano.o
    0x000048bc   0x000048bc   0x000002a4   Code   RO         2098    i.cut_test_task_comm_aos_1_014_run  rhino_test_nano.o
    0x00004b60   0x00004b60   0x000001a8   Code   RO         2099    i.cut_test_task_comm_aos_1_015_run  rhino_test_nano.o
    0x00004d08   0x00004d08   0x000002a0   Code   RO         2100    i.cut_test_task_comm_aos_1_016_run  rhino_test_nano.o
    0x00004fa8   0x00004fa8   0x0000011c   Code   RO         2101    i.cut_test_task_comm_aos_1_017_run  rhino_test_nano.o
    0x000050c4   0x000050c4   0x00000338   Code   RO         2102    i.cut_test_task_comm_aos_1_018_run  rhino_test_nano.o
    0x000053fc   0x000053fc   0x000002c8   Code   RO         2103    i.dump_test_config  rhino_test_nano.o
    0x000056c4   0x000056c4   0x00000080   Code   RO         2228    i.filter            cut.o
    0x00005744   0x00005744   0x0000002e   Code   RO          840    i.find_up_level     k_mm.o
    0x00005772   0x00005772   0x00000010   Code   RO         8153    i.fputc             hc32f46x_utility.o
    0x00005782   0x00005782   0x00000002   PAD
    0x00005784   0x00005784   0x0000002c   Code   RO          827    i.idle_task         k_idle.o
    0x000057b0   0x000057b0   0x00000042   Code   RO          841    i.init_mm_region    k_mm.o
    0x000057f2   0x000057f2   0x00000010   Code   RO         1084    i.is_klist_empty    k_mutex.o
    0x00005802   0x00005802   0x00000010   Code   RO         1249    i.is_klist_empty    k_queue.o
    0x00005812   0x00005812   0x00000010   Code   RO         1501    i.is_klist_empty    k_sem.o
    0x00005822   0x00005822   0x00000002   PAD
    0x00005824   0x00005824   0x00000018   Code   RO         1376    i.is_ready_list_empty  k_sched.o
    0x0000583c   0x0000583c   0x00000018   Code   RO          803    i.k_err_proc        k_err.o
    0x00005854   0x00005854   0x0000014c   Code   RO          842    i.k_mm_alloc        k_mm.o
    0x000059a0   0x000059a0   0x000000e8   Code   RO          843    i.k_mm_free         k_mm.o
    0x00005a88   0x00005a88   0x00000062   Code   RO          844    i.k_mm_freelist_delete  k_mm.o
    0x00005aea   0x00005aea   0x00000050   Code   RO          845    i.k_mm_freelist_insert  k_mm.o
    0x00005b3a   0x00005b3a   0x00000002   PAD
    0x00005b3c   0x00005b3c   0x00000044   Code   RO          846    i.k_mm_init         k_mm.o
    0x00005b80   0x00005b80   0x0000002a   Code   RO          848    i.k_mm_smallblk_alloc  k_mm.o
    0x00005baa   0x00005baa   0x0000002a   Code   RO          849    i.k_mm_smallblk_free  k_mm.o
    0x00005bd4   0x00005bd4   0x00000006   Code   RO         1564    i.klist_init        k_stats.o
    0x00005bda   0x00005bda   0x00000006   Code   RO         1938    i.klist_init        k_timer.o
    0x00005be0   0x00005be0   0x0000000e   Code   RO         1161    i.klist_insert      k_pend.o
    0x00005bee   0x00005bee   0x0000000e   Code   RO         1377    i.klist_insert      k_sched.o
    0x00005bfc   0x00005bfc   0x0000000e   Code   RO         1162    i.klist_rm          k_pend.o
    0x00005c0a   0x00005c0a   0x0000000e   Code   RO         1666    i.klist_rm          k_task.o
    0x00005c18   0x00005c18   0x0000000e   Code   RO         1824    i.klist_rm          k_tick.o
    0x00005c26   0x00005c26   0x00000002   PAD
    0x00005c28   0x00005c28   0x00000038   Code   RO         1565    i.kobj_list_init    k_stats.o
    0x00005c60   0x00005c60   0x000000a2   Code   RO          850    i.krhino_add_mm_region  k_mm.o
    0x00005d02   0x00005d02   0x00000002   PAD
    0x00005d04   0x00005d04   0x0000014c   Code   RO          701    i.krhino_buf_queue_recv  k_buf_queue.o
    0x00005e50   0x00005e50   0x0000004c   Code   RO          851    i.krhino_clz32      k_mm.o
    0x00005e9c   0x00005e9c   0x00000048   Code   RO          852    i.krhino_ctz32      k_mm.o
    0x00005ee4   0x00005ee4   0x00000028   Code   RO         1667    i.krhino_cur_task_get  k_task.o
    0x00005f0c   0x00005f0c   0x00000046   Code   RO         1378    i.krhino_find_first_bit  k_sched.o
    0x00005f52   0x00005f52   0x0000002c   Code   RO          703    i.krhino_fix_buf_queue_create  k_buf_queue.o
    0x00005f7e   0x00005f7e   0x00000002   PAD
    0x00005f80   0x00005f80   0x0000006c   Code   RO         1625    i.krhino_init       k_sys.o
    0x00005fec   0x00005fec   0x00000100   Code   RO          854    i.krhino_init_mm_head  k_mm.o
    0x000060ec   0x000060ec   0x00000024   Code   RO         1626    i.krhino_intrpt_enter  k_sys.o
    0x00006110   0x00006110   0x00000078   Code   RO         1627    i.krhino_intrpt_exit  k_sys.o
    0x00006188   0x00006188   0x0000005e   Code   RO          985    i.krhino_mblk_alloc  k_mm_blk.o
    0x000061e6   0x000061e6   0x00000044   Code   RO          986    i.krhino_mblk_free  k_mm_blk.o
    0x0000622a   0x0000622a   0x00000002   PAD
    0x0000622c   0x0000622c   0x000000dc   Code   RO          987    i.krhino_mblk_pool_init  k_mm_blk.o
    0x00006308   0x00006308   0x00000012   Code   RO         1085    i.krhino_mutex_create  k_mutex.o
    0x0000631a   0x0000631a   0x00000002   PAD
    0x0000631c   0x0000631c   0x000000b4   Code   RO         1086    i.krhino_mutex_del  k_mutex.o
    0x000063d0   0x000063d0   0x00000178   Code   RO         1087    i.krhino_mutex_lock  k_mutex.o
    0x00006548   0x00006548   0x000000f4   Code   RO         1088    i.krhino_mutex_unlock  k_mutex.o
    0x0000663c   0x0000663c   0x00000012   Code   RO         1251    i.krhino_queue_back_send  k_queue.o
    0x0000664e   0x0000664e   0x0000001c   Code   RO         1252    i.krhino_queue_create  k_queue.o
    0x0000666a   0x0000666a   0x00000002   PAD
    0x0000666c   0x0000666c   0x000000ac   Code   RO         1253    i.krhino_queue_del  k_queue.o
    0x00006718   0x00006718   0x0000012c   Code   RO         1257    i.krhino_queue_recv  k_queue.o
    0x00006844   0x00006844   0x00000016   Code   RO         1504    i.krhino_sem_create  k_sem.o
    0x0000685a   0x0000685a   0x00000002   PAD
    0x0000685c   0x0000685c   0x000000a4   Code   RO         1505    i.krhino_sem_del    k_sem.o
    0x00006900   0x00006900   0x00000018   Code   RO         1506    i.krhino_sem_give   k_sem.o
    0x00006918   0x00006918   0x000000ec   Code   RO         1508    i.krhino_sem_take   k_sem.o
    0x00006a04   0x00006a04   0x00000040   Code   RO         1566    i.krhino_stack_ovf_check  k_stats.o
    0x00006a44   0x00006a44   0x0000003c   Code   RO         1628    i.krhino_start      k_sys.o
    0x00006a80   0x00006a80   0x0000001c   Code   RO         1902    i.krhino_sys_tick_get  k_time.o
    0x00006a9c   0x00006a9c   0x00000036   Code   RO         1668    i.krhino_task_create  k_task.o
    0x00006ad2   0x00006ad2   0x00000018   Code   RO         1669    i.krhino_task_deathbed  k_task.o
    0x00006aea   0x00006aea   0x00000002   PAD
    0x00006aec   0x00006aec   0x0000012c   Code   RO         1670    i.krhino_task_del   k_task.o
    0x00006c18   0x00006c18   0x000000c4   Code   RO         1675    i.krhino_task_sleep  k_task.o
    0x00006cdc   0x00006cdc   0x0000003c   Code   RO         1676    i.krhino_task_stack_min_free  k_task.o
    0x00006d18   0x00006d18   0x0000000c   Code   RO         1904    i.krhino_tick_proc  k_time.o
    0x00006d24   0x00006d24   0x00000074   Code   RO         1946    i.ktimer_init       k_timer.o
    0x00006d98   0x00006d98   0x000000b0   Code   RO          259    i.main              main.o
    0x00006e48   0x00006e48   0x000000b6   Code   RO         1258    i.msg_send          k_queue.o
    0x00006efe   0x00006efe   0x00000002   PAD
    0x00006f00   0x00006f00   0x0000006c   Code   RO         1089    i.mutex_create      k_mutex.o
    0x00006f6c   0x00006f6c   0x0000004e   Code   RO         1091    i.mutex_pri_look    k_mutex.o
    0x00006fba   0x00006fba   0x00000022   Code   RO         1092    i.mutex_release     k_mutex.o
    0x00006fdc   0x00006fdc   0x00000026   Code   RO         1093    i.mutex_task_pri_reset  k_mutex.o
    0x00007002   0x00007002   0x00000002   PAD
    0x00007004   0x00007004   0x0000014c   Code   RO         2229    i.parse_arg         cut.o
    0x00007150   0x00007150   0x00000034   Code   RO         1163    i.pend_list_add     k_pend.o
    0x00007184   0x00007184   0x0000001c   Code   RO         1164    i.pend_list_reorder  k_pend.o
    0x000071a0   0x000071a0   0x00000042   Code   RO         1165    i.pend_state_end_proc  k_pend.o
    0x000071e2   0x000071e2   0x00000002   PAD
    0x000071e4   0x000071e4   0x0000005c   Code   RO         1166    i.pend_task_rm      k_pend.o
    0x00007240   0x00007240   0x00000058   Code   RO         1167    i.pend_task_wakeup  k_pend.o
    0x00007298   0x00007298   0x00000058   Code   RO         1168    i.pend_to_blk_obj   k_pend.o
    0x000072f0   0x000072f0   0x0000001c   Code   RO         1381    i.preferred_cpu_ready_task_get  k_sched.o
    0x0000730c   0x0000730c   0x00000098   Code   RO         1259    i.queue_create      k_queue.o
    0x000073a4   0x000073a4   0x00000034   Code   RO         1382    i.ready_list_add    k_sched.o
    0x000073d8   0x000073d8   0x00000042   Code   RO         1383    i.ready_list_add_head  k_sched.o
    0x0000741a   0x0000741a   0x00000036   Code   RO         1384    i.ready_list_add_tail  k_sched.o
    0x00007450   0x00007450   0x00000052   Code   RO         1386    i.ready_list_init   k_sched.o
    0x000074a2   0x000074a2   0x00000092   Code   RO         1387    i.ready_list_rm     k_sched.o
    0x00007534   0x00007534   0x0000001a   Code   RO          859    i.removesize        k_mm.o
    0x0000754e   0x0000754e   0x0000007c   Code   RO         1323    i.ringbuf_headlen_compress  k_ringbuf.o
    0x000075ca   0x000075ca   0x00000052   Code   RO         1324    i.ringbuf_headlen_decompress  k_ringbuf.o
    0x0000761c   0x0000761c   0x0000001e   Code   RO         1325    i.ringbuf_init      k_ringbuf.o
    0x0000763a   0x0000763a   0x00000016   Code   RO         1326    i.ringbuf_is_empty  k_ringbuf.o
    0x00007650   0x00007650   0x00000026   Code   RO         1327    i.ringbuf_is_full   k_ringbuf.o
    0x00007676   0x00007676   0x00000144   Code   RO         1328    i.ringbuf_pop       k_ringbuf.o
    0x000077ba   0x000077ba   0x00000118   Code   RO         1329    i.ringbuf_push      k_ringbuf.o
    0x000078d2   0x000078d2   0x00000016   Code   RO         1330    i.ringbuf_reset     k_ringbuf.o
    0x000078e8   0x000078e8   0x0000001a   Code   RO         1388    i.runqueue_init     k_sched.o
    0x00007902   0x00007902   0x00000002   Code   RO           12    i.sdk_init          sys_init.o
    0x00007904   0x00007904   0x0000006c   Code   RO         1509    i.sem_create        k_sem.o
    0x00007970   0x00007970   0x000000a6   Code   RO         1510    i.sem_give          k_sem.o
    0x00007a16   0x00007a16   0x00000024   Code   RO          861    i.size_to_level     k_mm.o
    0x00007a3a   0x00007a3a   0x00000002   PAD
    0x00007a3c   0x00007a3c   0x00000028   Code   RO         2052    i.soc_err_proc      soc_impl.o
    0x00007a64   0x00007a64   0x00000004   Code   RO         2053    i.soc_get_cur_sp    soc_impl.o
    0x00007a68   0x00007a68   0x00000068   Code   RO         2054    i.soc_print_stack   soc_impl.o
    0x00007ad0   0x00007ad0   0x00000160   Code   RO         8257    i.system_clk_init   system_clk.o
    0x00007c30   0x00007c30   0x0000001c   Code   RO         2104    i.task0             rhino_test_nano.o
    0x00007c4c   0x00007c4c   0x00000044   Code   RO         2105    i.task1             rhino_test_nano.o
    0x00007c90   0x00007c90   0x00000044   Code   RO         2106    i.task2             rhino_test_nano.o
    0x00007cd4   0x00007cd4   0x00000044   Code   RO         2107    i.task3             rhino_test_nano.o
    0x00007d18   0x00007d18   0x00000044   Code   RO         2108    i.task4             rhino_test_nano.o
    0x00007d5c   0x00007d5c   0x00000050   Code   RO         2109    i.task5             rhino_test_nano.o
    0x00007dac   0x00007dac   0x00000050   Code   RO         2110    i.task6             rhino_test_nano.o
    0x00007dfc   0x00007dfc   0x00000180   Code   RO         1679    i.task_create       k_task.o
    0x00007f7c   0x00007f7c   0x00000010   Code   RO         1260    i.task_msg_recv     k_queue.o
    0x00007f8c   0x00007f8c   0x00000046   Code   RO         1680    i.task_mutex_free   k_task.o
    0x00007fd2   0x00007fd2   0x00000002   PAD
    0x00007fd4   0x00007fd4   0x000000e0   Code   RO         1681    i.task_pri_change   k_task.o
    0x000080b4   0x000080b4   0x00000048   Code   RO         2111    i.test_certificate  rhino_test_nano.o
    0x000080fc   0x000080fc   0x00000194   Code   RO         2112    i.test_task         rhino_test_nano.o
    0x00008290   0x00008290   0x00000010   Code   RO         1825    i.tick_list_init    k_tick.o
    0x000082a0   0x000082a0   0x00000040   Code   RO         1826    i.tick_list_insert  k_tick.o
    0x000082e0   0x000082e0   0x00000064   Code   RO         1827    i.tick_list_pri_insert  k_tick.o
    0x00008344   0x00008344   0x00000016   Code   RO         1828    i.tick_list_rm      k_tick.o
    0x0000835a   0x0000835a   0x00000002   PAD
    0x0000835c   0x0000835c   0x0000011c   Code   RO         1829    i.tick_list_update  k_tick.o
    0x00008478   0x00008478   0x0000008c   Code   RO         1947    i.timer_cb_proc     k_timer.o
    0x00008504   0x00008504   0x0000002e   Code   RO         1948    i.timer_cmd_proc    k_timer.o
    0x00008532   0x00008532   0x00000002   PAD
    0x00008534   0x00008534   0x0000005c   Code   RO         1950    i.timer_list_pri_insert  k_timer.o
    0x00008590   0x00008590   0x0000001a   Code   RO         1951    i.timer_list_rm     k_timer.o
    0x000085aa   0x000085aa   0x00000002   PAD
    0x000085ac   0x000085ac   0x000000d0   Code   RO         1952    i.timer_task        k_timer.o
    0x0000867c   0x0000867c   0x00000014   Code   RO         2230    i.usage             cut.o
    0x00008690   0x00008690   0x0000000a   Data   RO         2114    .constdata          rhino_test_nano.o
    0x0000869a   0x0000869a   0x00000002   PAD
    0x0000869c   0x0000869c   0x00000008   Data   RO         2232    .constdata          cut.o
    0x000086a4   0x000086a4   0x000000b7   Data   RO         2115    .conststring        rhino_test_nano.o
    0x0000875b   0x0000875b   0x00000001   PAD
    0x0000875c   0x0000875c   0x000001af   Data   RO         2233    .conststring        cut.o
    0x0000890b   0x0000890b   0x00000001   PAD
    0x0000890c   0x0000890c   0x00000020   Data   RO         8615    Region$$Table       anon$$obj.o


    Execution Region RW_IRAM1 (Exec base: 0x1fff8000, Load base: 0x0000892c, Size: 0x00002a38, Max: 0x00008000, ABSOLUTE, COMPRESSED[0x000000ac])

    Exec Addr    Load Addr    Size         Type   Attr      Idx    E Section Name        Object

    0x1fff8000   COMPRESSED   0x00000004   Data   RW           13    .data               sys_init.o
    0x1fff8004   COMPRESSED   0x00000004   Data   RW          420    .data               system_hc32f46x.o
    0x1fff8008   COMPRESSED   0x0000003c   Data   RW         1149    .data               k_obj.o
    0x1fff8044   COMPRESSED   0x00000010   Data   RW         2056    .data               soc_impl.o
    0x1fff8054   COMPRESSED   0x000001ec   Data   RW         2116    .data               rhino_test_nano.o
    0x1fff8240   COMPRESSED   0x00000004   Data   RW         8591    .data               mc_w.l(stdout.o)
    0x1fff8244        -       0x00000020   Zero   RW          260    .bss                main.o
    0x1fff8264   COMPRESSED   0x00000004   PAD
    0x1fff8268        -       0x00000a58   Zero   RW         1148    .bss                k_obj.o
    0x1fff8cc0        -       0x00000200   Zero   RW         2055    .bss                soc_impl.o
    0x1fff8ec0        -       0x000008e0   Zero   RW         2113    .bss                rhino_test_nano.o
    0x1fff97a0        -       0x00000098   Zero   RW         2231    .bss                cut.o
    0x1fff9838        -       0x00000200   Zero   RW         4558    .bss                hc32f46x_interrupts.o
    0x1fff9a38        -       0x00001000   Zero   RW          408    STACK               startup_hc32f46x.o


==============================================================================

Image component sizes


      Code (inc. data)   RO Data    RW Data    ZI Data      Debug   Object Name

         0          0          0          0          0       6740   aos_rhino_kv.o
         2          0          0          0          0        573   armcc_libc.o
      1436        462        439          0        152      12952   cut.o
        20          4          0          0          0        400   fpu_enable.o
      2148        178          0          0          0      15824   hc32f46x_clk.o
        84         20          0          0          0       1963   hc32f46x_efm.o
         0          0         32          0          0        625   hc32f46x_icg.o
      9420        902          0          0        512      84567   hc32f46x_interrupts.o
        64         24          0          0          0       1974   hc32f46x_sram.o
       576         40          0          0          0       4289   hc32f46x_utility.o
       548         16          0          0          0       9198   k_buf_queue.o
        24          4          0          0          0        521   k_err.o
        44          4          0          0          0        592   k_idle.o
      1716         32          0          0          0      13137   k_mm.o
       382          6          0          0          0       4663   k_mm_blk.o
      1092         38          0          0          0       7518   k_mutex.o
         0          0          0         60       2648       1618   k_obj.o
       442         16          0          0          0       7734   k_pend.o
       884         22          0          0          0       6610   k_queue.o
       922          0          0          0          0       6333   k_ringbuf.o
       670         36          0          0          0      11685   k_sched.o
       736         22          0          0          0       5821   k_sem.o
       126         14          0          0          0       2642   k_stats.o
       324         74          0          0          0       2404   k_sys.o
      1366         90          0          0          0      11775   k_task.o
       500         30          0          0          0       7114   k_tick.o
        40          4          0          0          0       1049   k_time.o
       886         92          0          0          0       5526   k_timer.o
       176         28          0          0         32      42371   main.o
       180          4          0          0          0       1174   port_c.o
       176         26          0          0          0        292   port_s.o
      6284       2232        193        492       2272      17625   rhino_test_nano.o
       148         48          0         16        512       4245   soc_impl.o
        64         14        640          0       4096        836   startup_hc32f46x.o
        18          4          0          4          0    1526246   sys_init.o
       352          6          0          0          0        846   system_clk.o
       204         24          0          4          0       1379   system_hc32f46x.o

    ----------------------------------------------------------------------
     32098       4516       1340        576      10228    1830861   Object Totals
         0          0         32          0          0          0   (incl. Generated)
        44          0          4          0          4          0   (incl. Padding)

    ----------------------------------------------------------------------

      Code (inc. data)   RO Data    RW Data    ZI Data      Debug   Library Member Name

        86          0          0          0          0          0   __dczerorl2.o
         0          0          0          0          0          0   entry.o
         0          0          0          0          0          0   entry10a.o
         0          0          0          0          0          0   entry11a.o
         8          4          0          0          0          0   entry2.o
         4          0          0          0          0          0   entry5.o
         0          0          0          0          0          0   entry7b.o
         0          0          0          0          0          0   entry8b.o
         8          4          0          0          0          0   entry9a.o
        30          0          0          0          0          0   handlers.o
        36          8          0          0          0         68   init.o
        30          0          0          0          0         68   llshl.o
        32          0          0          0          0         68   llushr.o
        40          0          0          0          0         76   memcpy.o
        36          0          0          0          0        108   memseta.o
      1204         60          0          0          0        504   printf8.o
         0          0          0          4          0          0   stdout.o
        28          0          0          0          0         76   strcmp.o
        36          0          0          0          0         80   strstr.o
        98          0          0          0          0         92   uldiv.o

    ----------------------------------------------------------------------
      1678         76          0          4          0       1140   Library Totals
         2          0          0          0          0          0   (incl. Padding)

    ----------------------------------------------------------------------

      Code (inc. data)   RO Data    RW Data    ZI Data      Debug   Library Name

      1676         76          0          4          0       1140   mc_w.l

    ----------------------------------------------------------------------
      1678         76          0          4          0       1140   Library Totals

    ----------------------------------------------------------------------

==============================================================================


      Code (inc. data)   RO Data    RW Data    ZI Data      Debug   

     33776       4592       1340        580      10228    1799613   Grand Totals
     33776       4592       1340        172      10228    1799613   ELF Image Totals (compressed)
     33776       4592       1340        172          0          0   ROM Totals

==============================================================================

    Total RO  Size (Code + RO Data)                35116 (  34.29kB)
    Total RW  Size (RW Data + ZI Data)             10808 (  10.55kB)
    Total ROM Size (Code + RO Data + RW Data)      35288 (  34.46kB)

==============================================================================

