###############################################################################
#
# IAR ELF Linker V8.30.1.114/W32 for ARM                  16/Sep/2019  17:19:36
# Copyright 2007-2018 IAR Systems AB.
#
#    Output file  =  
#        C:\03-githubFiles\HC32F460_Alios_V1.0\IAR\Debug\Exe\HC32F460_Alios.out
#    Map file     =  
#        C:\03-githubFiles\HC32F460_Alios_V1.0\IAR\Debug\List\HC32F460_Alios.map
#    Command line =  
#        -f C:\Users\User\AppData\Local\Temp\EW2B6E.tmp
#        (C:\03-githubFiles\HC32F460_Alios_V1.0\IAR\Debug\Obj\aos_rhino_kv.o
#        C:\03-githubFiles\HC32F460_Alios_V1.0\IAR\Debug\Obj\cut.o
#        C:\03-githubFiles\HC32F460_Alios_V1.0\IAR\Debug\Obj\hc32f46x_adc.o
#        C:\03-githubFiles\HC32F460_Alios_V1.0\IAR\Debug\Obj\hc32f46x_aes.o
#        C:\03-githubFiles\HC32F460_Alios_V1.0\IAR\Debug\Obj\hc32f46x_can.o
#        C:\03-githubFiles\HC32F460_Alios_V1.0\IAR\Debug\Obj\hc32f46x_clk.o
#        C:\03-githubFiles\HC32F460_Alios_V1.0\IAR\Debug\Obj\hc32f46x_cmp.o
#        C:\03-githubFiles\HC32F460_Alios_V1.0\IAR\Debug\Obj\hc32f46x_crc.o
#        C:\03-githubFiles\HC32F460_Alios_V1.0\IAR\Debug\Obj\hc32f46x_dcu.o
#        C:\03-githubFiles\HC32F460_Alios_V1.0\IAR\Debug\Obj\hc32f46x_dmac.o
#        C:\03-githubFiles\HC32F460_Alios_V1.0\IAR\Debug\Obj\hc32f46x_efm.o
#        C:\03-githubFiles\HC32F460_Alios_V1.0\IAR\Debug\Obj\hc32f46x_emb.o
#        C:\03-githubFiles\HC32F460_Alios_V1.0\IAR\Debug\Obj\hc32f46x_event_port.o
#        C:\03-githubFiles\HC32F460_Alios_V1.0\IAR\Debug\Obj\hc32f46x_exint_nmi_swi.o
#        C:\03-githubFiles\HC32F460_Alios_V1.0\IAR\Debug\Obj\hc32f46x_gpio.o
#        C:\03-githubFiles\HC32F460_Alios_V1.0\IAR\Debug\Obj\hc32f46x_hash.o
#        C:\03-githubFiles\HC32F460_Alios_V1.0\IAR\Debug\Obj\hc32f46x_i2c.o
#        C:\03-githubFiles\HC32F460_Alios_V1.0\IAR\Debug\Obj\hc32f46x_i2s.o
#        C:\03-githubFiles\HC32F460_Alios_V1.0\IAR\Debug\Obj\hc32f46x_icg.o
#        C:\03-githubFiles\HC32F460_Alios_V1.0\IAR\Debug\Obj\hc32f46x_interrupts.o
#        C:\03-githubFiles\HC32F460_Alios_V1.0\IAR\Debug\Obj\hc32f46x_keyscan.o
#        C:\03-githubFiles\HC32F460_Alios_V1.0\IAR\Debug\Obj\hc32f46x_mpu.o
#        C:\03-githubFiles\HC32F460_Alios_V1.0\IAR\Debug\Obj\hc32f46x_ots.o
#        C:\03-githubFiles\HC32F460_Alios_V1.0\IAR\Debug\Obj\hc32f46x_pwc.o
#        C:\03-githubFiles\HC32F460_Alios_V1.0\IAR\Debug\Obj\hc32f46x_qspi.o
#        C:\03-githubFiles\HC32F460_Alios_V1.0\IAR\Debug\Obj\hc32f46x_rmu.o
#        C:\03-githubFiles\HC32F460_Alios_V1.0\IAR\Debug\Obj\hc32f46x_rtc.o
#        C:\03-githubFiles\HC32F460_Alios_V1.0\IAR\Debug\Obj\hc32f46x_sdioc.o
#        C:\03-githubFiles\HC32F460_Alios_V1.0\IAR\Debug\Obj\hc32f46x_spi.o
#        C:\03-githubFiles\HC32F460_Alios_V1.0\IAR\Debug\Obj\hc32f46x_sram.o
#        C:\03-githubFiles\HC32F460_Alios_V1.0\IAR\Debug\Obj\hc32f46x_swdt.o
#        C:\03-githubFiles\HC32F460_Alios_V1.0\IAR\Debug\Obj\hc32f46x_timer0.o
#        C:\03-githubFiles\HC32F460_Alios_V1.0\IAR\Debug\Obj\hc32f46x_timer4_cnt.o
#        C:\03-githubFiles\HC32F460_Alios_V1.0\IAR\Debug\Obj\hc32f46x_timer4_emb.o
#        C:\03-githubFiles\HC32F460_Alios_V1.0\IAR\Debug\Obj\hc32f46x_timer4_oco.o
#        C:\03-githubFiles\HC32F460_Alios_V1.0\IAR\Debug\Obj\hc32f46x_timer4_pwm.o
#        C:\03-githubFiles\HC32F460_Alios_V1.0\IAR\Debug\Obj\hc32f46x_timer4_sevt.o
#        C:\03-githubFiles\HC32F460_Alios_V1.0\IAR\Debug\Obj\hc32f46x_timer6.o
#        C:\03-githubFiles\HC32F460_Alios_V1.0\IAR\Debug\Obj\hc32f46x_timera.o
#        C:\03-githubFiles\HC32F460_Alios_V1.0\IAR\Debug\Obj\hc32f46x_trng.o
#        C:\03-githubFiles\HC32F460_Alios_V1.0\IAR\Debug\Obj\hc32f46x_usart.o
#        C:\03-githubFiles\HC32F460_Alios_V1.0\IAR\Debug\Obj\hc32f46x_utility.o
#        C:\03-githubFiles\HC32F460_Alios_V1.0\IAR\Debug\Obj\hc32f46x_wdt.o
#        C:\03-githubFiles\HC32F460_Alios_V1.0\IAR\Debug\Obj\k_buf_queue.o
#        C:\03-githubFiles\HC32F460_Alios_V1.0\IAR\Debug\Obj\k_dyn_mem_proc.o
#        C:\03-githubFiles\HC32F460_Alios_V1.0\IAR\Debug\Obj\k_err.o
#        C:\03-githubFiles\HC32F460_Alios_V1.0\IAR\Debug\Obj\k_event.o
#        C:\03-githubFiles\HC32F460_Alios_V1.0\IAR\Debug\Obj\k_idle.o
#        C:\03-githubFiles\HC32F460_Alios_V1.0\IAR\Debug\Obj\k_mm.o
#        C:\03-githubFiles\HC32F460_Alios_V1.0\IAR\Debug\Obj\k_mm_blk.o
#        C:\03-githubFiles\HC32F460_Alios_V1.0\IAR\Debug\Obj\k_mm_debug.o
#        C:\03-githubFiles\HC32F460_Alios_V1.0\IAR\Debug\Obj\k_mutex.o
#        C:\03-githubFiles\HC32F460_Alios_V1.0\IAR\Debug\Obj\k_obj.o
#        C:\03-githubFiles\HC32F460_Alios_V1.0\IAR\Debug\Obj\k_pend.o
#        C:\03-githubFiles\HC32F460_Alios_V1.0\IAR\Debug\Obj\k_queue.o
#        C:\03-githubFiles\HC32F460_Alios_V1.0\IAR\Debug\Obj\k_ringbuf.o
#        C:\03-githubFiles\HC32F460_Alios_V1.0\IAR\Debug\Obj\k_sched.o
#        C:\03-githubFiles\HC32F460_Alios_V1.0\IAR\Debug\Obj\k_sem.o
#        C:\03-githubFiles\HC32F460_Alios_V1.0\IAR\Debug\Obj\k_stats.o
#        C:\03-githubFiles\HC32F460_Alios_V1.0\IAR\Debug\Obj\k_sys.o
#        C:\03-githubFiles\HC32F460_Alios_V1.0\IAR\Debug\Obj\k_task.o
#        C:\03-githubFiles\HC32F460_Alios_V1.0\IAR\Debug\Obj\k_task_sem.o
#        C:\03-githubFiles\HC32F460_Alios_V1.0\IAR\Debug\Obj\k_tick.o
#        C:\03-githubFiles\HC32F460_Alios_V1.0\IAR\Debug\Obj\k_time.o
#        C:\03-githubFiles\HC32F460_Alios_V1.0\IAR\Debug\Obj\k_timer.o
#        C:\03-githubFiles\HC32F460_Alios_V1.0\IAR\Debug\Obj\k_workqueue.o
#        C:\03-githubFiles\HC32F460_Alios_V1.0\IAR\Debug\Obj\main.o
#        C:\03-githubFiles\HC32F460_Alios_V1.0\IAR\Debug\Obj\port_c.o
#        C:\03-githubFiles\HC32F460_Alios_V1.0\IAR\Debug\Obj\port_s.o
#        C:\03-githubFiles\HC32F460_Alios_V1.0\IAR\Debug\Obj\rhino_test_nano.o
#        C:\03-githubFiles\HC32F460_Alios_V1.0\IAR\Debug\Obj\soc_impl.o
#        C:\03-githubFiles\HC32F460_Alios_V1.0\IAR\Debug\Obj\startup_hc32f46x.o
#        C:\03-githubFiles\HC32F460_Alios_V1.0\IAR\Debug\Obj\sys_init.o
#        C:\03-githubFiles\HC32F460_Alios_V1.0\IAR\Debug\Obj\System_Clk.o
#        C:\03-githubFiles\HC32F460_Alios_V1.0\IAR\Debug\Obj\system_hc32f46x.o
#        --redirect _Printf=_PrintfFullNoMb --redirect _Scanf=_ScanfFullNoMb
#        --no_out_extension -o
#        C:\03-githubFiles\HC32F460_Alios_V1.0\IAR\Debug\Exe\HC32F460_Alios.out
#        --map
#        C:\03-githubFiles\HC32F460_Alios_V1.0\IAR\Debug\List\HC32F460_Alios.map
#        --config
#        C:\03-githubFiles\HC32F460_Alios_V1.0\IAR\..\flashloader\HC32F46x.icf
#        --semihosting --entry __iar_program_start --vfe --text_out locale)
#
###############################################################################

*******************************************************************************
*** RUNTIME MODEL ATTRIBUTES
***

CppFlavor       = *
__SystemLibrary = DLib
__dlib_version  = 6


*******************************************************************************
*** HEAP SELECTION
***

The basic heap was selected because no calls to memory allocation
functions were found in the application outside of system library
functions, and there are calls to deallocation functions in the
application.


*******************************************************************************
*** PLACEMENT SUMMARY
***

"A0":  place at 0x0 { ro section .intvec };
"P1":  place in [from 0x0 to 0x7'ffff] { ro };
define block CSTACK with size = 1K, alignment = 8 { };
define block HEAP with size = 1K, alignment = 8 { };
"P2":  place in [from 0x1fff'8000 to 0x1fff'ffff] |
                [from 0x2000'0000 to 0x2000'ffff repeat 2] |
                [from 0x2002'0000 to 0x2002'6fff] |
                [from 0x200f'0000 to 0x200f'0fff] {
          rw, block CSTACK, block HEAP };
initialize by copy { rw };

  Section            Kind         Address    Size  Object
  -------            ----         -------    ----  ------
"A0":                                       0x280
  .intvec            ro code          0x0   0x280  startup_hc32f46x.o [1]
                                  - 0x280   0x280

"P1", part 1 of 2:                            0x0
  .rodata            const          0x280     0x0  zero_init3.o [4]
  .rodata            const          0x280     0x0  packbits_init.o [4]

Absolute sections:                           0x20
  .rodata            const          0x400    0x20  hc32f46x_icg.o [1]
                                  - 0x420    0x20

"P1", part 2 of 2:                         0x9b86
  .text              ro code        0x420  0x24c0  hc32f46x_interrupts.o [1]
  .text              ro code       0x28e0    0x1c  hc32f46x_exint_nmi_swi.o [1]
  .text              ro code       0x28fc    0x10  sys_init.o [1]
  .text              ro code       0x290c   0x144  k_sys.o [1]
  .text              ro code       0x2a50    0x28  k_time.o [1]
  .text              ro code       0x2a78   0x2e4  k_sched.o [1]
  .text              ro code       0x2d5c   0x1b4  k_tick.o [1]
  .text              ro code       0x2f10    0x84  k_stats.o [1]
  .text              ro code       0x2f94   0x5f4  k_mm.o [1]
  .text              ro code       0x3588   0x538  k_task.o [1]
  .text              ro code       0x3ac0   0x334  k_timer.o [1]
  .text              ro code       0x3df4    0xa8  port_s.o [1]
  .text              ro code       0x3e9c    0x18  k_err.o [1]
  .text              ro code       0x3eb4   0x3f8  k_mutex.o [1]
  .text              ro code       0x42ac    0x66  ABImemset.o [4]
  .text              ro code       0x4312    0x3a  zero_init3.o [4]
  .text              ro code       0x434c   0x138  k_mm_blk.o [1]
  .text              ro code       0x4484    0x8c  port_c.o [1]
  .text              ro code       0x4510   0x18a  k_pend.o [1]
  .text              ro code       0x469a     0xa  xsprout.o [2]
  .text              ro code       0x46a4   0x214  k_buf_queue.o [1]
  .text              ro code       0x48b8   0x3be  k_ringbuf.o [1]
  .text              ro code       0x4c78    0xa6  ABImemcpy.o [4]
  .text              ro code       0x4d20  0x1124  rhino_test_nano.o [1]
  .text              ro code       0x5e44    0x28  printf.o [2]
  .text              ro code       0x5e6c   0x27c  k_sem.o [1]
  .text              ro code       0x60e8    0x40  sprintf.o [2]
  .text              ro code       0x6128   0x31c  k_queue.o [1]
  .text              ro code       0x6444   0x404  cut.o [1]
  .text              ro code       0x6848   0xe26  xprintffull_nomb.o [2]
  .text              ro code       0x7670    0x4a  strcmp.o [4]
  .text              ro code       0x76ba    0x30  strstr.o [2]
  .text              ro code       0x76ec    0x16  strchr.o [4]
  .text              ro code       0x7704    0x40  xfail_s.o [2]
  .text              ro code       0x7744    0x36  strlen.o [4]
  .text              ro code       0x777c    0x58  memchr.o [4]
  .text              ro code       0x77d4   0x230  I64DivMod.o [4]
  .text              ro code       0x7a04   0x1a2  DblMul.o [3]
  .text              ro code       0x7ba8    0x70  frexp.o [3]
  .text              ro code       0x7c18    0x2e  DblCmpLe.o [3]
  .text              ro code       0x7c48    0x2e  DblCmpGe.o [3]
  .text              ro code       0x7c78   0x13a  ldexp.o [3]
  .text              ro code       0x7db4    0x3a  DblToS32.o [3]
  .text              ro code       0x7df0    0x22  S32ToDbl.o [3]
  .text              ro code       0x7e14    0xe2  DblSub.o [3]
  .text              ro code       0x7ef8   0x246  DblDiv.o [3]
  .text              ro code       0x8140    0x28  DblToU32.o [3]
  .text              ro code       0x8168    0x1a  U32ToDbl.o [3]
  .text              ro code       0x8184     0x8  xlocale_c.o [2]
  .text              ro code       0x818c     0x6  abort.o [2]
  .text              ro code       0x8194     0x2  I64DivZer.o [4]
  .text              ro code       0x8198   0x16a  DblAdd.o [3]
  .text              ro code       0x8304    0x14  exit.o [5]
  .text              ro code       0x8318   0x9f4  hc32f46x_clk.o [1]
  .text              ro code       0x8d0c    0xc8  system_hc32f46x.o [1]
  .text              ro code       0x8dd4   0x220  hc32f46x_utility.o [1]
  .text              ro code       0x8ff4   0x164  System_Clk.o [1]
  .text              ro code       0x9158    0xac  hc32f46x_efm.o [1]
  .text              ro code       0x9204    0x30  hc32f46x_sram.o [1]
  .rodata            const         0x9234    0xe4  cut.o [1]
  .text              ro code       0x9318    0xcc  main.o [1]
  .text              ro code       0x93e4    0x9c  packbits_init.o [4]
  .text              ro code       0x9480    0x7c  soc_impl.o [1]
  .text              ro code       0x94fc    0x24  ABIassert.o [5]
  .rodata            const         0x9520    0x6c  cut.o [1]
  .rodata            const         0x958c    0x50  cut.o [1]
  .rodata            const         0x95dc    0x4c  rhino_test_nano.o [1]
  .rodata            const         0x9628    0x40  cut.o [1]
  .rodata            const         0x9668    0x40  cut.o [1]
  .text              ro code       0x96a8    0x3c  k_idle.o [1]
  .rodata            const         0x96e4    0x38  soc_impl.o [1]
  .rodata            const         0x971c    0x30  cut.o [1]
  .text              ro code       0x974c    0x28  data_init.o [4]
  .rodata            const         0x9774    0x24  cut.o [1]
  .rodata            const         0x9798    0x24  rhino_test_nano.o [1]
  .text              ro code       0x97bc    0x22  fpinit_M.o [3]
  .iar.init_table    const         0x97e0    0x2c  - Linker created -
  .rodata            const         0x980c    0x20  cut.o [1]
  .rodata            const         0x982c    0x20  rhino_test_nano.o [1]
  .rodata            const         0x984c    0x20  rhino_test_nano.o [1]
  .rodata            const         0x986c    0x20  rhino_test_nano.o [1]
  .text              ro code       0x988c    0x1e  cmain.o [4]
  .text              ro code       0x98aa     0x4  low_level_init.o [2]
  .text              ro code       0x98ae     0x4  exit.o [2]
  .text              ro code       0x98b4     0xa  cexit.o [4]
  .rodata            const         0x98c0    0x1c  cut.o [1]
  .rodata            const         0x98dc    0x1c  cut.o [1]
  .rodata            const         0x98f8    0x1c  rhino_test_nano.o [1]
  .rodata            const         0x9914    0x1c  rhino_test_nano.o [1]
  .rodata            const         0x9930    0x1c  rhino_test_nano.o [1]
  .rodata            const         0x994c    0x1c  rhino_test_nano.o [1]
  .rodata            const         0x9968    0x1c  rhino_test_nano.o [1]
  .rodata            const         0x9984    0x1c  rhino_test_nano.o [1]
  .rodata            const         0x99a0    0x1c  rhino_test_nano.o [1]
  .rodata            const         0x99bc    0x18  rhino_test_nano.o [1]
  .rodata            const         0x99d4    0x18  rhino_test_nano.o [1]
  .rodata            const         0x99ec    0x18  rhino_test_nano.o [1]
  .rodata            const         0x9a04    0x18  rhino_test_nano.o [1]
  .rodata            const         0x9a1c    0x18  rhino_test_nano.o [1]
  .rodata            const         0x9a34    0x18  rhino_test_nano.o [1]
  .rodata            const         0x9a4c    0x18  rhino_test_nano.o [1]
  .rodata            const         0x9a64    0x18  rhino_test_nano.o [1]
  .rodata            const         0x9a7c    0x18  rhino_test_nano.o [1]
  .text              ro code       0x9a94    0x16  xprout.o [2]
  .text              ro code       0x9aac     0xc  putchar.o [2]
  .rodata            const         0x9ab8    0x14  cut.o [1]
  .rodata            const         0x9acc    0x14  cut.o [1]
  .rodata            const         0x9ae0    0x14  cut.o [1]
  .rodata            const         0x9af4    0x14  rhino_test_nano.o [1]
  .rodata            const         0x9b08    0x14  rhino_test_nano.o [1]
  .rodata            const         0x9b1c    0x14  rhino_test_nano.o [1]
  .rodata            const         0x9b30    0x14  rhino_test_nano.o [1]
  .rodata            const         0x9b44    0x14  rhino_test_nano.o [1]
  .rodata            const         0x9b58    0x10  cut.o [1]
  .rodata            const         0x9b68    0x10  k_mm.o [1]
  .rodata            const         0x9b78    0x10  main.o [1]
  .rodata            const         0x9b88    0x10  rhino_test_nano.o [1]
  .rodata            const         0x9b98    0x10  rhino_test_nano.o [1]
  .rodata            const         0x9ba8    0x10  rhino_test_nano.o [1]
  .rodata            const         0x9bb8    0x10  rhino_test_nano.o [1]
  .rodata            const         0x9bc8    0x10  rhino_test_nano.o [1]
  .rodata            const         0x9bd8    0x10  rhino_test_nano.o [1]
  .rodata            const         0x9be8    0x10  rhino_test_nano.o [1]
  .rodata            const         0x9bf8    0x10  rhino_test_nano.o [1]
  .rodata            const         0x9c08    0x10  rhino_test_nano.o [1]
  .rodata            const         0x9c18    0x10  rhino_test_nano.o [1]
  .rodata            const         0x9c28    0x10  rhino_test_nano.o [1]
  .rodata            const         0x9c38    0x10  rhino_test_nano.o [1]
  .rodata            const         0x9c48    0x10  rhino_test_nano.o [1]
  .text              ro code       0x9c60    0x10  startup_hc32f46x.o [1]
  .rodata            const         0x9c70     0xc  k_sys.o [1]
  .rodata            const         0x9c7c     0xc  k_timer.o [1]
  .rodata            const         0x9c88     0xc  k_timer.o [1]
  .rodata            const         0x9c94     0xc  rhino_test_nano.o [1]
  .rodata            const         0x9ca0     0xc  rhino_test_nano.o [1]
  .rodata            const         0x9cac     0xc  rhino_test_nano.o [1]
  .rodata            const         0x9cb8     0xc  rhino_test_nano.o [1]
  .rodata            const         0x9cc4     0xc  rhino_test_nano.o [1]
  .rodata            const         0x9cd0     0xc  rhino_test_nano.o [1]
  .rodata            const         0x9cdc     0xc  rhino_test_nano.o [1]
  .rodata            const         0x9ce8     0xc  rhino_test_nano.o [1]
  .rodata            const         0x9cf4     0xc  rhino_test_nano.o [1]
  .rodata            const         0x9d00     0xc  rhino_test_nano.o [1]
  .rodata            const         0x9d0c     0xc  rhino_test_nano.o [1]
  .rodata            const         0x9d18     0xc  rhino_test_nano.o [1]
  .rodata            const         0x9d24     0xc  rhino_test_nano.o [1]
  .rodata            const         0x9d30     0xc  rhino_test_nano.o [1]
  .rodata            const         0x9d3c     0xc  rhino_test_nano.o [1]
  .rodata            const         0x9d48     0xc  rhino_test_nano.o [1]
  .rodata            const         0x9d54     0xc  rhino_test_nano.o [1]
  .rodata            const         0x9d60     0xc  rhino_test_nano.o [1]
  .rodata            const         0x9d6c     0xc  rhino_test_nano.o [1]
  .rodata            const         0x9d78     0xc  rhino_test_nano.o [1]
  .rodata            const         0x9d84     0xc  rhino_test_nano.o [1]
  .rodata            const         0x9d90     0xc  rhino_test_nano.o [1]
  .text              ro code       0x9d9c     0xc  cstartup_M.o [4]
  .rodata            const         0x9da8     0x8  cut.o [1]
  .rodata            const         0x9db0     0x8  cut.o [1]
  .rodata            const         0x9db8     0x8  cut.o [1]
  .rodata            const         0x9dc0     0x8  cut.o [1]
  .rodata            const         0x9dc8     0x8  cut.o [1]
  .rodata            const         0x9dd0     0x8  cut.o [1]
  .rodata            const         0x9dd8     0x8  rhino_test_nano.o [1]
  .rodata            const         0x9de0     0x8  rhino_test_nano.o [1]
  .rodata            const         0x9de8     0x8  rhino_test_nano.o [1]
  .rodata            const         0x9df0     0x8  rhino_test_nano.o [1]
  .rodata            const         0x9df8     0x8  rhino_test_nano.o [1]
  .rodata            const         0x9e00     0x8  rhino_test_nano.o [1]
  .rodata            const         0x9e08     0x8  rhino_test_nano.o [1]
  .rodata            const         0x9e10     0x8  rhino_test_nano.o [1]
  .rodata            const         0x9e18     0x8  rhino_test_nano.o [1]
  .rodata            const         0x9e20     0x8  rhino_test_nano.o [1]
  .rodata            const         0x9e28     0x8  soc_impl.o [1]
  .rodata            const         0x9e30     0x8  soc_impl.o [1]
  .rodata            const         0x9e38     0x4  xlocale_c.o [2]
  .text              ro code       0x9e3c     0x4  startup_hc32f46x.o [1]
  .text              ro code       0x9e40     0x4  startup_hc32f46x.o [1]
  .text              ro code       0x9e44     0x4  startup_hc32f46x.o [1]
  Initializer bytes  const         0x9e48   0x15e  <for P2 s0>
                                 - 0x9fa6  0x9b86

"P2", part 1 of 3:                          0x270
  P2 s0                       0x1fff'8000   0x270  <Init block>
    .data            inited   0x1fff'8000    0x48  xfiles.o [2]
    .data            inited   0x1fff'8048    0x38  xlocale_c.o [2]
    .data            inited   0x1fff'8080    0x20  rhino_test_nano.o [1]
    .data            inited   0x1fff'80a0    0x20  rhino_test_nano.o [1]
    .data            inited   0x1fff'80c0    0x20  rhino_test_nano.o [1]
    .data            inited   0x1fff'80e0    0x20  rhino_test_nano.o [1]
    .data            inited   0x1fff'8100    0x20  rhino_test_nano.o [1]
    .data            inited   0x1fff'8120    0x20  rhino_test_nano.o [1]
    .data            inited   0x1fff'8140    0x20  rhino_test_nano.o [1]
    .data            inited   0x1fff'8160    0x20  rhino_test_nano.o [1]
    .data            inited   0x1fff'8180    0x20  rhino_test_nano.o [1]
    .data            inited   0x1fff'81a0    0x20  rhino_test_nano.o [1]
    .data            inited   0x1fff'81c0    0x20  rhino_test_nano.o [1]
    .data            inited   0x1fff'81e0    0x20  rhino_test_nano.o [1]
    .data            inited   0x1fff'8200    0x20  rhino_test_nano.o [1]
    .data            inited   0x1fff'8220    0x20  rhino_test_nano.o [1]
    .data            inited   0x1fff'8240    0x1c  rhino_test_nano.o [1]
    .data            inited   0x1fff'825c     0x8  soc_impl.o [1]
    .data            inited   0x1fff'8264     0x4  soc_impl.o [1]
    .data            inited   0x1fff'8268     0x4  soc_impl.o [1]
    .data            inited   0x1fff'826c     0x4  system_hc32f46x.o [1]
                            - 0x1fff'8270   0x270

"P2", part 2 of 3:                         0x188c
  .bss               zero     0x1fff'8270   0x4b0  k_obj.o [1]
  .bss               zero     0x1fff'8720   0x2a0  rhino_test_nano.o [1]
  .bss               zero     0x1fff'89c0   0x200  hc32f46x_interrupts.o [1]
  .bss               zero     0x1fff'8bc0   0x200  rhino_test_nano.o [1]
  .bss               zero     0x1fff'8dc0   0x200  soc_impl.o [1]
  .bss               zero     0x1fff'8fc0   0x1e0  k_obj.o [1]
  .bss               zero     0x1fff'91a0   0x190  k_obj.o [1]
  .bss               zero     0x1fff'9330   0x160  rhino_test_nano.o [1]
  .bss               zero     0x1fff'9490   0x104  k_obj.o [1]
  .bss               zero     0x1fff'9594   0x100  rhino_test_nano.o [1]
  .bss               zero     0x1fff'9694    0xd8  rhino_test_nano.o [1]
  .bss               zero     0x1fff'976c    0x98  cut.o [1]
  .bss               zero     0x1fff'9804    0x60  rhino_test_nano.o [1]
  .bss               zero     0x1fff'9864    0x4c  k_obj.o [1]
  .bss               zero     0x1fff'98b0    0x58  k_obj.o [1]
  .bss               zero     0x1fff'9908    0x58  k_obj.o [1]
  .bss               zero     0x1fff'9960    0x58  rhino_test_nano.o [1]
  .bss               zero     0x1fff'99b8    0x50  xfiles.o [2]
  .bss               zero     0x1fff'9a08    0x30  k_obj.o [1]
  .bss               zero     0x1fff'9a38    0x28  rhino_test_nano.o [1]
  .bss               zero     0x1fff'9a60    0x24  rhino_test_nano.o [1]
  .bss               zero     0x1fff'9a84    0x20  main.o [1]
  .bss               zero     0x1fff'9aa4     0x4  hc32f46x_exint_nmi_swi.o [1]
  .bss               zero     0x1fff'9aa8     0x8  k_obj.o [1]
  .bss               zero     0x1fff'9ab0     0x8  k_obj.o [1]
  .bss               zero     0x1fff'9ab8     0x8  k_obj.o [1]
  .bss               zero     0x1fff'9ac0     0x8  k_obj.o [1]
  .bss               zero     0x1fff'9ac8     0x8  k_obj.o [1]
  .bss               zero     0x1fff'9ad0     0x4  k_obj.o [1]
  .bss               zero     0x1fff'9ad4     0x4  k_obj.o [1]
  .bss               zero     0x1fff'9ad8     0x4  k_obj.o [1]
  .bss               zero     0x1fff'9adc     0x4  rhino_test_nano.o [1]
  .bss               zero     0x1fff'9ae0     0x4  rhino_test_nano.o [1]
  .bss               zero     0x1fff'9ae4     0x4  rhino_test_nano.o [1]
  .bss               zero     0x1fff'9ae8     0x4  rhino_test_nano.o [1]
  .bss               zero     0x1fff'9aec     0x4  sys_init.o [1]
  .bss               zero     0x1fff'9af0     0x4  xfail_s.o [2]
  .bss               zero     0x1fff'9af4     0x2  k_obj.o [1]
  .bss               zero     0x1fff'9af6     0x1  k_obj.o [1]
  .bss               zero     0x1fff'9af7     0x1  k_obj.o [1]
  .bss               zero     0x1fff'9af8     0x1  k_obj.o [1]
                            - 0x1fff'9af9  0x1889

"P2", part 3 of 3:                          0x400
  CSTACK                      0x1fff'9b00   0x400  <Block>
    CSTACK           uninit   0x1fff'9b00   0x400  <Block tail>
                            - 0x1fff'9f00   0x400

Unused ranges:

         From           To      Size
         ----           --      ----
        0x280        0x3ff     0x180
       0x9fa6     0x7'ffff  0x7'605a
  0x1fff'9afc  0x1fff'9aff       0x4
  0x1fff'9f00  0x1fff'ffff    0x6100
  0x2000'0000  0x2000'ffff  0x1'0000
  0x2001'0000  0x2001'ffff  0x1'0000
  0x2002'0000  0x2002'6fff    0x7000
  0x200f'0000  0x200f'0fff    0x1000


*******************************************************************************
*** INIT TABLE
***

          Address      Size
          -------      ----
Zero (__iar_zero_init3)
    1 destination range, total size 0x1889:
          0x1fff'8270  0x1889

Copy/packbits (__iar_packbits_init3)
    1 source range, total size 0x15e (56% of destination):
               0x9e48   0x15e
    1 destination range, total size 0x270:
          0x1fff'8000   0x270



*******************************************************************************
*** MODULE SUMMARY
***

    Module                    ro code  ro data  rw data  ro data
                                                          (abs)
    ------                    -------  -------  -------  -------
command line/config:
    ------------------------------------------------------------
    Total:

C:\03-githubFiles\HC32F460_Alios_V1.0\IAR\Debug\Obj: [1]
    System_Clk.o                  356
    cut.o                       1 028      840      152
    hc32f46x_clk.o              2 548
    hc32f46x_efm.o                172
    hc32f46x_exint_nmi_swi.o       28                 4
    hc32f46x_icg.o                                            32
    hc32f46x_interrupts.o       9 408               512
    hc32f46x_sram.o                48
    hc32f46x_utility.o            544
    k_buf_queue.o                 532
    k_err.o                        24
    k_idle.o                       60
    k_mm.o                      1 524       16
    k_mm_blk.o                    312
    k_mutex.o                   1 016
    k_obj.o                                       2 697
    k_pend.o                      394
    k_queue.o                     796
    k_ringbuf.o                   958
    k_sched.o                     740
    k_sem.o                       636
    k_stats.o                     132
    k_sys.o                       324       12
    k_task.o                    1 336
    k_tick.o                      436
    k_time.o                       40
    k_timer.o                     820       24
    main.o                        204       16       32
    port_c.o                      140
    port_s.o                      168
    rhino_test_nano.o           4 388    1 539    2 760
    soc_impl.o                    124       81      528
    startup_hc32f46x.o            668
    sys_init.o                     16                 4
    system_hc32f46x.o             200        3        4
    ------------------------------------------------------------
    Total:                     30 120    2 531    6 693       32

dl7M_tlf.a: [2]
    abort.o                         6
    exit.o                          4
    low_level_init.o                4
    printf.o                       40
    putchar.o                      12
    sprintf.o                      64
    strstr.o                       48
    xfail_s.o                      64                 4
    xfiles.o                                40      152
    xlocale_c.o                     8       35       56
    xprintffull_nomb.o          3 622
    xprout.o                       22
    xsprout.o                      10
    ------------------------------------------------------------
    Total:                      3 904       75      212

m7M_tls.a: [3]
    DblAdd.o                      362
    DblCmpGe.o                     46
    DblCmpLe.o                     46
    DblDiv.o                      582
    DblMul.o                      418
    DblSub.o                      226
    DblToS32.o                     58
    DblToU32.o                     40
    S32ToDbl.o                     34
    U32ToDbl.o                     26
    fpinit_M.o                     34
    frexp.o                       112
    ldexp.o                       314
    ------------------------------------------------------------
    Total:                      2 298

rt7M_tl.a: [4]
    ABImemcpy.o                   166
    ABImemset.o                   102
    I64DivMod.o                   560
    I64DivZer.o                     2
    cexit.o                        10
    cmain.o                        30
    cstartup_M.o                   12
    data_init.o                    40
    memchr.o                       88
    packbits_init.o               156
    strchr.o                       22
    strcmp.o                       74
    strlen.o                       54
    zero_init3.o                   58
    ------------------------------------------------------------
    Total:                      1 374

shb_l.a: [5]
    ABIassert.o                    36
    exit.o                         20
    ------------------------------------------------------------
    Total:                         56

    Gaps                           48        4
    Linker created                          44    1 024
----------------------------------------------------------------
    Grand Total:               37 800    2 654    7 929       32


*******************************************************************************
*** ENTRY LIST
***

Entry                       Address   Size  Type      Object
-----                       -------   ----  ----      ------
.iar.init_table$$Base        0x97e0          --   Gb  - Linker created -
.iar.init_table$$Limit       0x980c          --   Gb  - Linker created -
?main                        0x988d         Code  Gb  cmain.o [4]
BusFault_Handler              0x439    0x8  Code  Gb  hc32f46x_interrupts.o [1]
CLK_GetClockFreq             0x89f7  0x108  Code  Gb  hc32f46x_clk.o [1]
CLK_GetFlagStatus            0x8c55   0x80  Code  Gb  hc32f46x_clk.o [1]
CLK_HrcCmd                   0x8497   0xae  Code  Gb  hc32f46x_clk.o [1]
CLK_LrcCmd                   0x8545   0x76  Code  Gb  hc32f46x_clk.o [1]
CLK_MpllCmd                  0x86f9   0x82  Code  Gb  hc32f46x_clk.o [1]
CLK_MpllConfig               0x85f3  0x106  Code  Gb  hc32f46x_clk.o [1]
CLK_SetPeriClkSource         0x8bed   0x3a  Code  Gb  hc32f46x_clk.o [1]
CLK_SetPllSource             0x85bb   0x38  Code  Gb  hc32f46x_clk.o [1]
CLK_SetSysClkSource          0x87f1   0xca  Code  Gb  hc32f46x_clk.o [1]
CLK_SetUsbClkSource          0x8b15   0xd6  Code  Gb  hc32f46x_clk.o [1]
CLK_SysClkConfig             0x88bb  0x13c  Code  Gb  hc32f46x_clk.o [1]
CLK_UpllCmd                  0x877b   0x76  Code  Gb  hc32f46x_clk.o [1]
CLK_Xtal32Cmd                0x8421   0x76  Code  Gb  hc32f46x_clk.o [1]
CLK_Xtal32Config             0x83e1   0x40  Code  Gb  hc32f46x_clk.o [1]
CLK_XtalCmd                  0x8319   0xc8  Code  Gb  hc32f46x_clk.o [1]
CSTACK$$Base            0x1fff'9b00          --   Gb  - Linker created -
CSTACK$$Limit           0x1fff'9f00          --   Gb  - Linker created -
Clkdata                 0x1fff'9a84   0x20  Data  Gb  main.o [1]
Ddl_UartInit                 0x8f41   0x7c  Code  Gb  hc32f46x_utility.o [1]
DebugMon_Handler              0x451    0x8  Code  Gb  hc32f46x_interrupts.o [1]
DebugOutput                  0x8dd5   0x14  Code  Gb  hc32f46x_utility.o [1]
EFM_InstructionCacheCmd
                             0x91d5   0x28  Code  Gb  hc32f46x_efm.o [1]
EFM_Lock                     0x916b   0x14  Code  Gb  hc32f46x_efm.o [1]
EFM_SetLatency               0x917f   0x56  Code  Gb  hc32f46x_efm.o [1]
EFM_Unlock                   0x9159   0x12  Code  Gb  hc32f46x_efm.o [1]
HAL_IncTick                  0x28ff    0xa  Code  Gb  sys_init.o [1]
HardFault_Handler             0x429    0x8  Code  Gb  hc32f46x_interrupts.o [1]
IRQ000_Handler                0x46d   0x12  Code  Gb  hc32f46x_interrupts.o [1]
IRQ001_Handler                0x47f   0x12  Code  Gb  hc32f46x_interrupts.o [1]
IRQ002_Handler                0x491   0x12  Code  Gb  hc32f46x_interrupts.o [1]
IRQ003_Handler                0x4a3   0x12  Code  Gb  hc32f46x_interrupts.o [1]
IRQ004_Handler                0x4b5   0x12  Code  Gb  hc32f46x_interrupts.o [1]
IRQ005_Handler                0x4c7   0x12  Code  Gb  hc32f46x_interrupts.o [1]
IRQ006_Handler                0x4d9   0x12  Code  Gb  hc32f46x_interrupts.o [1]
IRQ007_Handler                0x4eb   0x12  Code  Gb  hc32f46x_interrupts.o [1]
IRQ008_Handler                0x4fd   0x12  Code  Gb  hc32f46x_interrupts.o [1]
IRQ009_Handler                0x50f   0x12  Code  Gb  hc32f46x_interrupts.o [1]
IRQ010_Handler                0x521   0x12  Code  Gb  hc32f46x_interrupts.o [1]
IRQ011_Handler                0x533   0x12  Code  Gb  hc32f46x_interrupts.o [1]
IRQ012_Handler                0x545   0x12  Code  Gb  hc32f46x_interrupts.o [1]
IRQ013_Handler                0x557   0x12  Code  Gb  hc32f46x_interrupts.o [1]
IRQ014_Handler                0x569   0x12  Code  Gb  hc32f46x_interrupts.o [1]
IRQ015_Handler                0x57b   0x12  Code  Gb  hc32f46x_interrupts.o [1]
IRQ016_Handler                0x58d   0x12  Code  Gb  hc32f46x_interrupts.o [1]
IRQ017_Handler                0x59f   0x12  Code  Gb  hc32f46x_interrupts.o [1]
IRQ018_Handler                0x5b1   0x12  Code  Gb  hc32f46x_interrupts.o [1]
IRQ019_Handler                0x5c3   0x12  Code  Gb  hc32f46x_interrupts.o [1]
IRQ020_Handler                0x5d5   0x12  Code  Gb  hc32f46x_interrupts.o [1]
IRQ021_Handler                0x5e7   0x12  Code  Gb  hc32f46x_interrupts.o [1]
IRQ022_Handler                0x5f9   0x12  Code  Gb  hc32f46x_interrupts.o [1]
IRQ023_Handler                0x60b   0x12  Code  Gb  hc32f46x_interrupts.o [1]
IRQ024_Handler                0x61d   0x12  Code  Gb  hc32f46x_interrupts.o [1]
IRQ025_Handler                0x62f   0x12  Code  Gb  hc32f46x_interrupts.o [1]
IRQ026_Handler                0x641   0x12  Code  Gb  hc32f46x_interrupts.o [1]
IRQ027_Handler                0x653   0x12  Code  Gb  hc32f46x_interrupts.o [1]
IRQ028_Handler                0x665   0x12  Code  Gb  hc32f46x_interrupts.o [1]
IRQ029_Handler                0x677   0x12  Code  Gb  hc32f46x_interrupts.o [1]
IRQ030_Handler                0x689   0x12  Code  Gb  hc32f46x_interrupts.o [1]
IRQ031_Handler                0x69b   0x12  Code  Gb  hc32f46x_interrupts.o [1]
IRQ032_Handler                0x6ad   0x16  Code  Gb  hc32f46x_interrupts.o [1]
IRQ033_Handler                0x6c3   0x16  Code  Gb  hc32f46x_interrupts.o [1]
IRQ034_Handler                0x6d9   0x16  Code  Gb  hc32f46x_interrupts.o [1]
IRQ035_Handler                0x6ef   0x16  Code  Gb  hc32f46x_interrupts.o [1]
IRQ036_Handler                0x705   0x16  Code  Gb  hc32f46x_interrupts.o [1]
IRQ037_Handler                0x71b   0x16  Code  Gb  hc32f46x_interrupts.o [1]
IRQ038_Handler                0x731   0x16  Code  Gb  hc32f46x_interrupts.o [1]
IRQ039_Handler                0x747   0x16  Code  Gb  hc32f46x_interrupts.o [1]
IRQ040_Handler                0x75d   0x16  Code  Gb  hc32f46x_interrupts.o [1]
IRQ041_Handler                0x773   0x16  Code  Gb  hc32f46x_interrupts.o [1]
IRQ042_Handler                0x789   0x16  Code  Gb  hc32f46x_interrupts.o [1]
IRQ043_Handler                0x79f   0x16  Code  Gb  hc32f46x_interrupts.o [1]
IRQ044_Handler                0x7b5   0x16  Code  Gb  hc32f46x_interrupts.o [1]
IRQ045_Handler                0x7cb   0x16  Code  Gb  hc32f46x_interrupts.o [1]
IRQ046_Handler                0x7e1   0x16  Code  Gb  hc32f46x_interrupts.o [1]
IRQ047_Handler                0x7f7   0x16  Code  Gb  hc32f46x_interrupts.o [1]
IRQ048_Handler                0x80d   0x16  Code  Gb  hc32f46x_interrupts.o [1]
IRQ049_Handler                0x823   0x16  Code  Gb  hc32f46x_interrupts.o [1]
IRQ050_Handler                0x839   0x16  Code  Gb  hc32f46x_interrupts.o [1]
IRQ051_Handler                0x84f   0x16  Code  Gb  hc32f46x_interrupts.o [1]
IRQ052_Handler                0x865   0x16  Code  Gb  hc32f46x_interrupts.o [1]
IRQ053_Handler                0x87b   0x16  Code  Gb  hc32f46x_interrupts.o [1]
IRQ054_Handler                0x891   0x16  Code  Gb  hc32f46x_interrupts.o [1]
IRQ055_Handler                0x8a7   0x16  Code  Gb  hc32f46x_interrupts.o [1]
IRQ056_Handler                0x8bd   0x16  Code  Gb  hc32f46x_interrupts.o [1]
IRQ057_Handler                0x8d3   0x16  Code  Gb  hc32f46x_interrupts.o [1]
IRQ058_Handler                0x8e9   0x16  Code  Gb  hc32f46x_interrupts.o [1]
IRQ059_Handler                0x8ff   0x16  Code  Gb  hc32f46x_interrupts.o [1]
IRQ060_Handler                0x915   0x16  Code  Gb  hc32f46x_interrupts.o [1]
IRQ061_Handler                0x92b   0x16  Code  Gb  hc32f46x_interrupts.o [1]
IRQ062_Handler                0x941   0x16  Code  Gb  hc32f46x_interrupts.o [1]
IRQ063_Handler                0x957   0x16  Code  Gb  hc32f46x_interrupts.o [1]
IRQ064_Handler                0x96d   0x16  Code  Gb  hc32f46x_interrupts.o [1]
IRQ065_Handler                0x983   0x16  Code  Gb  hc32f46x_interrupts.o [1]
IRQ066_Handler                0x999   0x16  Code  Gb  hc32f46x_interrupts.o [1]
IRQ067_Handler                0x9af   0x16  Code  Gb  hc32f46x_interrupts.o [1]
IRQ068_Handler                0x9c5   0x16  Code  Gb  hc32f46x_interrupts.o [1]
IRQ069_Handler                0x9db   0x16  Code  Gb  hc32f46x_interrupts.o [1]
IRQ070_Handler                0x9f1   0x16  Code  Gb  hc32f46x_interrupts.o [1]
IRQ071_Handler                0xa07   0x16  Code  Gb  hc32f46x_interrupts.o [1]
IRQ072_Handler                0xa1d   0x16  Code  Gb  hc32f46x_interrupts.o [1]
IRQ073_Handler                0xa33   0x16  Code  Gb  hc32f46x_interrupts.o [1]
IRQ074_Handler                0xa49   0x16  Code  Gb  hc32f46x_interrupts.o [1]
IRQ075_Handler                0xa5f   0x16  Code  Gb  hc32f46x_interrupts.o [1]
IRQ076_Handler                0xa75   0x16  Code  Gb  hc32f46x_interrupts.o [1]
IRQ077_Handler                0xa8b   0x16  Code  Gb  hc32f46x_interrupts.o [1]
IRQ078_Handler                0xaa1   0x16  Code  Gb  hc32f46x_interrupts.o [1]
IRQ079_Handler                0xab7   0x16  Code  Gb  hc32f46x_interrupts.o [1]
IRQ080_Handler                0xacd   0x14  Code  Gb  hc32f46x_interrupts.o [1]
IRQ081_Handler                0xae1   0x14  Code  Gb  hc32f46x_interrupts.o [1]
IRQ082_Handler                0xaf5   0x14  Code  Gb  hc32f46x_interrupts.o [1]
IRQ083_Handler                0xb09   0x14  Code  Gb  hc32f46x_interrupts.o [1]
IRQ084_Handler                0xb1d   0x14  Code  Gb  hc32f46x_interrupts.o [1]
IRQ085_Handler                0xb31   0x14  Code  Gb  hc32f46x_interrupts.o [1]
IRQ086_Handler                0xb45   0x14  Code  Gb  hc32f46x_interrupts.o [1]
IRQ087_Handler                0xb59   0x14  Code  Gb  hc32f46x_interrupts.o [1]
IRQ088_Handler                0xb6d   0x14  Code  Gb  hc32f46x_interrupts.o [1]
IRQ089_Handler                0xb81   0x14  Code  Gb  hc32f46x_interrupts.o [1]
IRQ090_Handler                0xb95   0x14  Code  Gb  hc32f46x_interrupts.o [1]
IRQ091_Handler                0xba9   0x14  Code  Gb  hc32f46x_interrupts.o [1]
IRQ092_Handler                0xbbd   0x14  Code  Gb  hc32f46x_interrupts.o [1]
IRQ093_Handler                0xbd1   0x14  Code  Gb  hc32f46x_interrupts.o [1]
IRQ094_Handler                0xbe5   0x14  Code  Gb  hc32f46x_interrupts.o [1]
IRQ095_Handler                0xbf9   0x14  Code  Gb  hc32f46x_interrupts.o [1]
IRQ096_Handler                0xc0d   0x14  Code  Gb  hc32f46x_interrupts.o [1]
IRQ097_Handler                0xc21   0x14  Code  Gb  hc32f46x_interrupts.o [1]
IRQ098_Handler                0xc35   0x14  Code  Gb  hc32f46x_interrupts.o [1]
IRQ099_Handler                0xc49   0x14  Code  Gb  hc32f46x_interrupts.o [1]
IRQ100_Handler                0xc5d   0x14  Code  Gb  hc32f46x_interrupts.o [1]
IRQ101_Handler                0xc71   0x14  Code  Gb  hc32f46x_interrupts.o [1]
IRQ102_Handler                0xc85   0x14  Code  Gb  hc32f46x_interrupts.o [1]
IRQ103_Handler                0xc99   0x14  Code  Gb  hc32f46x_interrupts.o [1]
IRQ104_Handler                0xcad   0x14  Code  Gb  hc32f46x_interrupts.o [1]
IRQ105_Handler                0xcc1   0x14  Code  Gb  hc32f46x_interrupts.o [1]
IRQ106_Handler                0xcd5   0x14  Code  Gb  hc32f46x_interrupts.o [1]
IRQ107_Handler                0xce9   0x14  Code  Gb  hc32f46x_interrupts.o [1]
IRQ108_Handler                0xcfd   0x14  Code  Gb  hc32f46x_interrupts.o [1]
IRQ109_Handler                0xd11   0x14  Code  Gb  hc32f46x_interrupts.o [1]
IRQ110_Handler                0xd25   0x14  Code  Gb  hc32f46x_interrupts.o [1]
IRQ111_Handler                0xd39   0x14  Code  Gb  hc32f46x_interrupts.o [1]
IRQ112_Handler                0xd4d   0x14  Code  Gb  hc32f46x_interrupts.o [1]
IRQ113_Handler                0xd63   0x14  Code  Gb  hc32f46x_interrupts.o [1]
IRQ114_Handler                0xd77   0x14  Code  Gb  hc32f46x_interrupts.o [1]
IRQ115_Handler                0xd91   0x16  Code  Gb  hc32f46x_interrupts.o [1]
IRQ116_Handler                0xda7   0x16  Code  Gb  hc32f46x_interrupts.o [1]
IRQ117_Handler                0xdbd   0x16  Code  Gb  hc32f46x_interrupts.o [1]
IRQ118_Handler                0xdd5   0x16  Code  Gb  hc32f46x_interrupts.o [1]
IRQ119_Handler                0xdeb   0x16  Code  Gb  hc32f46x_interrupts.o [1]
IRQ120_Handler                0xe01   0x16  Code  Gb  hc32f46x_interrupts.o [1]
IRQ121_Handler                0xe19   0x16  Code  Gb  hc32f46x_interrupts.o [1]
IRQ122_Handler                0xe2f   0x16  Code  Gb  hc32f46x_interrupts.o [1]
IRQ123_Handler                0xe45   0x16  Code  Gb  hc32f46x_interrupts.o [1]
IRQ124_Handler                0xe5d   0x16  Code  Gb  hc32f46x_interrupts.o [1]
IRQ125_Handler                0xe73   0x16  Code  Gb  hc32f46x_interrupts.o [1]
IRQ126_Handler                0xe89   0x16  Code  Gb  hc32f46x_interrupts.o [1]
IRQ127_Handler                0xe9f   0x16  Code  Gb  hc32f46x_interrupts.o [1]
IRQ128_Handler                0xeb5  0x12a  Code  Gb  hc32f46x_interrupts.o [1]
IRQ129_Handler                0xfdf  0x2ee  Code  Gb  hc32f46x_interrupts.o [1]
IRQ130_Handler               0x12cd   0xbc  Code  Gb  hc32f46x_interrupts.o [1]
IRQ131_Handler               0x1389  0x27e  Code  Gb  hc32f46x_interrupts.o [1]
IRQ132_Handler               0x1645  0x146  Code  Gb  hc32f46x_interrupts.o [1]
IRQ136_Handler               0x1839  0x28c  Code  Gb  hc32f46x_interrupts.o [1]
IRQ137_Handler               0x1b51  0x21a  Code  Gb  hc32f46x_interrupts.o [1]
IRQ138_Handler               0x1dd9  0x1cc  Code  Gb  hc32f46x_interrupts.o [1]
IRQ139_Handler               0x1fd9   0xec  Code  Gb  hc32f46x_interrupts.o [1]
IRQ140_Handler               0x2129  0x1e6  Code  Gb  hc32f46x_interrupts.o [1]
IRQ141_Handler               0x2355  0x1ee  Code  Gb  hc32f46x_interrupts.o [1]
IRQ142_Handler               0x255d   0xda  Code  Gb  hc32f46x_interrupts.o [1]
IRQ143_Handler               0x2651   0xdc  Code  Gb  hc32f46x_interrupts.o [1]
IrqHandler              0x1fff'89c0  0x200  Data  Gb  hc32f46x_interrupts.o [1]
LoadInt                      0x69f7   0x7a  Code  Lc  xprintffull_nomb.o [2]
MemManage_Handler             0x431    0x8  Code  Gb  hc32f46x_interrupts.o [1]
NMI_Handler                   0x421    0x8  Code  Gb  hc32f46x_interrupts.o [1]
NMI_IrqHandler               0x28e1   0x18  Code  Gb  hc32f46x_exint_nmi_swi.o [1]
PendSV_Handler               0x3e2f         Code  Gb  port_s.o [1]
Region$$Table$$Base          0x97e0          --   Gb  - Linker created -
Region$$Table$$Limit         0x980c          --   Gb  - Linker created -
SRAM_CK_Disable              0x9219    0xa  Code  Gb  hc32f46x_sram.o [1]
SRAM_CK_Enable               0x9223    0xa  Code  Gb  hc32f46x_sram.o [1]
SRAM_WT_Disable              0x9205    0xa  Code  Gb  hc32f46x_sram.o [1]
SRAM_WT_Enable               0x920f    0xa  Code  Gb  hc32f46x_sram.o [1]
SVC_Handler                   0x449    0x8  Code  Gb  hc32f46x_interrupts.o [1]
SetUartBaudrate              0x8df9  0x148  Code  Lc  hc32f46x_utility.o [1]
SysTick_Config               0x9359   0x2e  Code  Lc  main.o [1]
SysTick_Handler               0x459   0x14  Code  Gb  hc32f46x_interrupts.o [1]
SystemCoreClock         0x1fff'826c    0x4  Data  Gb  system_hc32f46x.o [1]
SystemCoreClockUpdate        0x8d15   0xaa  Code  Gb  system_hc32f46x.o [1]
SystemInit                   0x8d0d    0x8  Code  Gb  system_hc32f46x.o [1]
UsageFault_Handler            0x441    0x8  Code  Gb  hc32f46x_interrupts.o [1]
_GenldFullNoMb               0x736d  0x274  Code  Lc  xprintffull_nomb.o [2]
_LdtobFullNoMb               0x6f41  0x400  Code  Lc  xprintffull_nomb.o [2]
_LitobFullNoMb               0x6de9  0x112  Code  Lc  xprintffull_nomb.o [2]
_Locale_lconv           0x1fff'8048   0x38  Data  Lc  xlocale_c.o [2]
_PrintfFullNoMb              0x6849  0x19e  Code  Gb  xprintffull_nomb.o [2]
_Prout                       0x9a95   0x16  Code  Gb  xprout.o [2]
_PutcharsFullNoMb            0x75e1   0x2e  Code  Lc  xprintffull_nomb.o [2]
_PutfldFullNoMb              0x6a71  0x26c  Code  Lc  xprintffull_nomb.o [2]
_PuttxtFullNoMb              0x6cdd  0x10c  Code  Lc  xprintffull_nomb.o [2]
_SProut                      0x469b    0xa  Code  Gb  xsprout.o [2]
__NVIC_EnableIRQ             0x9319   0x1c  Code  Lc  main.o [1]
__NVIC_SetPriority           0x9335   0x24  Code  Lc  main.o [1]
__aeabi_assert               0x94fd   0x24  Code  Gb  ABIassert.o [5]
__aeabi_cdcmple              0x7c19         Code  Gb  DblCmpLe.o [3]
__aeabi_cdrcmple             0x7c49         Code  Gb  DblCmpGe.o [3]
__aeabi_d2iz                 0x7db5         Code  Gb  DblToS32.o [3]
__aeabi_d2uiz                0x8141         Code  Gb  DblToU32.o [3]
__aeabi_ddiv                 0x7ef9         Code  Gb  DblDiv.o [3]
__aeabi_dmul                 0x7a05         Code  Gb  DblMul.o [3]
__aeabi_dsub                 0x7e15         Code  Gb  DblSub.o [3]
__aeabi_i2d                  0x7df1         Code  Gb  S32ToDbl.o [3]
__aeabi_ldiv0                0x8195         Code  Gb  I64DivZer.o [4]
__aeabi_memcpy               0x4c79         Code  Gb  ABImemcpy.o [4]
__aeabi_memcpy4              0x4c99         Code  Gb  ABImemcpy.o [4]
__aeabi_memcpy8              0x4c99         Code  Gb  ABImemcpy.o [4]
__aeabi_memset               0x42ad         Code  Gb  ABImemset.o [4]
__aeabi_ui2d                 0x8169         Code  Gb  U32ToDbl.o [3]
__aeabi_uldivmod             0x77d5         Code  Gb  I64DivMod.o [4]
__cmain                      0x988d         Code  Gb  cmain.o [4]
__exit                       0x8305   0x14  Code  Gb  exit.o [5]
__iar_Fail_s                 0x7705   0x1c  Code  Gb  xfail_s.o [2]
__iar_Memchr                 0x777d         Code  Gb  memchr.o [4]
__iar_Memset                 0x42ad         Code  Gb  ABImemset.o [4]
__iar_Memset_word            0x42b5         Code  Gb  ABImemset.o [4]
__iar_Stdout            0x1fff'8000   0x48  Data  Gb  xfiles.o [2]
__iar_Strchr                 0x76ed         Code  Gb  strchr.o [4]
__iar_dadd                   0x7e25         Code  Gb  DblSub.o [3]
__iar_data_init3             0x974d   0x28  Code  Gb  data_init.o [4]
__iar_dsub                   0x8199         Code  Gb  DblAdd.o [3]
__iar_dsubStart              0x81ab         Code  Gb  DblAdd.o [3]
__iar_frexp                  0x7bb5         Code  Gb  frexp.o [3]
__iar_frexpl                 0x7bb5         Code  Gb  frexp.o [3]
__iar_init_vfp               0x97bd         Code  Gb  fpinit_M.o [3]
__iar_ldexp64                0x7c79         Code  Gb  ldexp.o [3]
__iar_packbits_init3         0x93e5   0x9c  Code  Gb  packbits_init.o [4]
__iar_program_start          0x9d9d         Code  Gb  cstartup_M.o [4]
__iar_scalbln64              0x7c79         Code  Gb  ldexp.o [3]
__iar_scalbn64               0x7c79         Code  Gb  ldexp.o [3]
__iar_softfp___iar_frexp64
                             0x7ba9         Code  Gb  frexp.o [3]
__iar_softfp_frexp           0x7ba9         Code  Gb  frexp.o [3]
__iar_softfp_frexpl          0x7ba9         Code  Gb  frexp.o [3]
__iar_zero_init3             0x4313   0x3a  Code  Gb  zero_init3.o [4]
__low_level_init             0x98ab    0x4  Code  Gb  low_level_init.o [2]
__vector_table                  0x0         Data  Gb  startup_hc32f46x.o [1]
_call_main                   0x9899         Code  Gb  cmain.o [4]
_exit                        0x98b5         Code  Gb  cexit.o [4]
_first_task_restore          0x3e75         Code  Gb  port_s.o [1]
_main                        0x98a7         Code  Gb  cmain.o [4]
_ready_list_add_head         0x2c37   0x3a  Code  Lc  k_sched.o [1]
_ready_list_add_tail         0x2c09   0x2e  Code  Lc  k_sched.o [1]
abort                        0x818d    0x6  Code  Gb  abort.o [2]
addsize                      0x30a5   0x48  Code  Lc  k_mm.o [1]
buf_queue_create             0x46bd   0x96  Code  Lc  k_buf_queue.o [1]
cmd_proc                     0x3bc7   0xe6  Code  Lc  k_timer.o [1]
core_sched                   0x2b29   0x6a  Code  Gb  k_sched.o [1]
cpu_cur_get                  0x46b9    0x4  Code  Lc  k_buf_queue.o [1]
cpu_cur_get                  0x96a9    0x4  Code  Lc  k_idle.o [1]
cpu_cur_get                  0x3ee7    0x4  Code  Lc  k_mutex.o [1]
cpu_cur_get                  0x615b    0x4  Code  Lc  k_queue.o [1]
cpu_cur_get                  0x2b25    0x4  Code  Lc  k_sched.o [1]
cpu_cur_get                  0x5e9f    0x4  Code  Lc  k_sem.o [1]
cpu_cur_get                  0x2f17    0x4  Code  Lc  k_stats.o [1]
cpu_cur_get                  0x290d    0x4  Code  Lc  k_sys.o [1]
cpu_cur_get                  0x35b5    0x4  Code  Lc  k_task.o [1]
cpu_first_task_start         0x3e13         Code  Gb  port_s.o [1]
cpu_intrpt_restore           0x3dfd         Code  Gb  port_s.o [1]
cpu_intrpt_save              0x3df5         Code  Gb  port_s.o [1]
cpu_intrpt_switch            0x3e0b         Code  Gb  port_s.o [1]
cpu_task_stack_init          0x4485   0x8c  Code  Gb  port_c.o [1]
cpu_task_switch              0x3e03         Code  Gb  port_s.o [1]
cut                     0x1fff'976c   0x98  Data  Gb  cut.o [1]
cut_get_stack_min_free       0x65bd   0x3e  Code  Gb  cut.o [1]
cut_int2str                  0x65fb   0x6a  Code  Lc  cut.o [1]
cut_main                     0x66d9  0x11a  Code  Gb  cut.o [1]
cut_mm_overview              0x6665   0x70  Code  Gb  cut.o [1]
cut_result_report            0x659b   0x22  Code  Lc  cut.o [1]
cut_suite_test_mm       0x1fff'9ae4    0x4  Data  Gb  rhino_test_nano.o [1]
cut_suite_test_task     0x1fff'8160   0x20  Data  Gb  rhino_test_nano.o [1]
cut_suite_test_task_comm
                        0x1fff'8240   0x1c  Data  Gb  rhino_test_nano.o [1]
cut_suite_test_timer    0x1fff'9ae8    0x4  Data  Gb  rhino_test_nano.o [1]
cut_test_task_aos_1_006
                        0x1fff'8080   0x20  Data  Lc  rhino_test_nano.o [1]
cut_test_task_aos_1_006_run
                             0x4e09   0xc0  Code  Lc  rhino_test_nano.o [1]
cut_test_task_aos_1_007
                        0x1fff'80a0   0x20  Data  Lc  rhino_test_nano.o [1]
cut_test_task_aos_1_007_run
                             0x4ed5    0x2  Code  Lc  rhino_test_nano.o [1]
cut_test_task_aos_1_008
                        0x1fff'80c0   0x20  Data  Lc  rhino_test_nano.o [1]
cut_test_task_aos_1_008_run
                             0x4ed7    0x2  Code  Lc  rhino_test_nano.o [1]
cut_test_task_aos_1_009
                        0x1fff'80e0   0x20  Data  Lc  rhino_test_nano.o [1]
cut_test_task_aos_1_009_run
                             0x4ed9    0x2  Code  Lc  rhino_test_nano.o [1]
cut_test_task_aos_1_010
                        0x1fff'8100   0x20  Data  Lc  rhino_test_nano.o [1]
cut_test_task_aos_1_010_run
                             0x4edb    0x2  Code  Lc  rhino_test_nano.o [1]
cut_test_task_aos_1_011
                        0x1fff'8120   0x20  Data  Lc  rhino_test_nano.o [1]
cut_test_task_aos_1_011_run
                             0x4edd  0x19a  Code  Lc  rhino_test_nano.o [1]
cut_test_task_aos_1_012
                        0x1fff'8140   0x20  Data  Lc  rhino_test_nano.o [1]
cut_test_task_aos_1_012_run
                             0x5077   0xe2  Code  Lc  rhino_test_nano.o [1]
cut_test_task_comm_aos_1_013
                        0x1fff'8180   0x20  Data  Lc  rhino_test_nano.o [1]
cut_test_task_comm_aos_1_013_run
                             0x51d1  0x126  Code  Lc  rhino_test_nano.o [1]
cut_test_task_comm_aos_1_014
                        0x1fff'81a0   0x20  Data  Lc  rhino_test_nano.o [1]
cut_test_task_comm_aos_1_014_run
                             0x52f7  0x204  Code  Lc  rhino_test_nano.o [1]
cut_test_task_comm_aos_1_015
                        0x1fff'81c0   0x20  Data  Lc  rhino_test_nano.o [1]
cut_test_task_comm_aos_1_015_run
                             0x5573  0x114  Code  Lc  rhino_test_nano.o [1]
cut_test_task_comm_aos_1_016
                        0x1fff'81e0   0x20  Data  Lc  rhino_test_nano.o [1]
cut_test_task_comm_aos_1_016_run
                             0x56e1  0x1e2  Code  Lc  rhino_test_nano.o [1]
cut_test_task_comm_aos_1_017
                        0x1fff'8200   0x20  Data  Lc  rhino_test_nano.o [1]
cut_test_task_comm_aos_1_017_run
                             0x5969   0x90  Code  Lc  rhino_test_nano.o [1]
cut_test_task_comm_aos_1_018
                        0x1fff'8220   0x20  Data  Lc  rhino_test_nano.o [1]
cut_test_task_comm_aos_1_018_run
                             0x5a1d  0x25a  Code  Lc  rhino_test_nano.o [1]
dump_test_config             0x4d21   0xd2  Code  Lc  rhino_test_nano.o [1]
exit                         0x98af    0x4  Code  Gb  exit.o [2]
filter                       0x6445   0x78  Code  Lc  cut.o [1]
find_up_level                0x3373   0x28  Code  Lc  k_mm.o [1]
fputc                        0x8de9   0x10  Code  Gb  hc32f46x_utility.o [1]
g_active_task           0x1fff'9ad4    0x4  Data  Gb  k_obj.o [1]
g_err_proc              0x1fff'8268    0x4  Data  Gb  soc_impl.o [1]
g_heap_buf              0x1fff'8dc0  0x200  Data  Gb  soc_impl.o [1]
g_idle_count            0x1fff'9aa8    0x8  Data  Gb  k_obj.o [1]
g_idle_task             0x1fff'98b0   0x58  Data  Gb  k_obj.o [1]
g_idle_task_spawned     0x1fff'9af6    0x1  Data  Gb  k_obj.o [1]
g_idle_task_stack       0x1fff'91a0  0x190  Data  Gb  k_obj.o [1]
g_intrpt_nested_level   0x1fff'9af8    0x1  Data  Gb  k_obj.o [1]
g_kmm_head              0x1fff'9ad8    0x4  Data  Gb  k_obj.o [1]
g_kobj_list             0x1fff'9a08   0x30  Data  Gb  k_obj.o [1]
g_mm_region             0x1fff'825c    0x8  Data  Gb  soc_impl.o [1]
g_mutex                 0x1fff'9a38   0x28  Data  Lc  rhino_test_nano.o [1]
g_preferred_ready_task  0x1fff'9ad0    0x4  Data  Gb  k_obj.o [1]
g_queue                 0x1fff'9694   0xd8  Data  Lc  rhino_test_nano.o [1]
g_ready_queue           0x1fff'9490  0x104  Data  Gb  k_obj.o [1]
g_region_num            0x1fff'8264    0x4  Data  Gb  soc_impl.o [1]
g_sched_lock            0x1fff'9af7    0x1  Data  Gb  k_obj.o [1]
g_sem                   0x1fff'9a60   0x24  Data  Lc  rhino_test_nano.o [1]
g_sys_stat              0x1fff'9af4    0x2  Data  Gb  k_obj.o [1]
g_task                  0x1fff'9330  0x160  Data  Lc  rhino_test_nano.o [1]
g_tick_count            0x1fff'9ab0    0x8  Data  Gb  k_obj.o [1]
g_tick_head             0x1fff'9ab8    0x8  Data  Gb  k_obj.o [1]
g_timer_count           0x1fff'9ac8    0x8  Data  Gb  k_obj.o [1]
g_timer_head            0x1fff'9ac0    0x8  Data  Gb  k_obj.o [1]
g_timer_queue           0x1fff'9864   0x4c  Data  Gb  k_obj.o [1]
g_timer_task            0x1fff'9908   0x58  Data  Gb  k_obj.o [1]
g_timer_task_stack      0x1fff'8270  0x4b0  Data  Gb  k_obj.o [1]
g_var0                  0x1fff'9adc    0x4  Data  Lc  rhino_test_nano.o [1]
g_var1                  0x1fff'9ae0    0x4  Data  Lc  rhino_test_nano.o [1]
idle_task                    0x96ad   0x32  Code  Gb  k_idle.o [1]
init_mm_region               0x3047   0x3e  Code  Lc  k_mm.o [1]
is_klist_empty               0x3ebb   0x10  Code  Lc  k_mutex.o [1]
is_klist_empty               0x612f   0x10  Code  Lc  k_queue.o [1]
is_klist_empty               0x5e73   0x10  Code  Lc  k_sem.o [1]
is_klist_empty               0x3589   0x10  Code  Lc  k_task.o [1]
is_klist_empty               0x3ac7   0x10  Code  Lc  k_timer.o [1]
is_ready_list_empty          0x2bf3   0x16  Code  Lc  k_sched.o [1]
k_err_proc                   0x3e9d   0x12  Code  Gb  k_err.o [1]
k_mm_alloc                   0x339b  0x118  Code  Gb  k_mm.o [1]
k_mm_free                    0x34b3   0xc2  Code  Gb  k_mm.o [1]
k_mm_freelist_delete         0x330f   0x64  Code  Lc  k_mm.o [1]
k_mm_freelist_insert         0x32c5   0x4a  Code  Lc  k_mm.o [1]
k_mm_init                    0x300f   0x38  Code  Gb  k_mm.o [1]
k_mm_smallblk_alloc          0x326f   0x2c  Code  Lc  k_mm.o [1]
k_mm_smallblk_free           0x329b   0x2a  Code  Lc  k_mm.o [1]
klist_init                   0x46a5    0x6  Code  Lc  k_buf_queue.o [1]
klist_init                   0x3eb5    0x6  Code  Lc  k_mutex.o [1]
klist_init                   0x6129    0x6  Code  Lc  k_queue.o [1]
klist_init                   0x2b03    0x6  Code  Lc  k_sched.o [1]
klist_init                   0x5e6d    0x6  Code  Lc  k_sem.o [1]
klist_init                   0x2f11    0x6  Code  Lc  k_stats.o [1]
klist_init                   0x2d5d    0x6  Code  Lc  k_tick.o [1]
klist_init                   0x3ac1    0x6  Code  Lc  k_timer.o [1]
klist_insert                 0x46ab    0xe  Code  Lc  k_buf_queue.o [1]
klist_insert                 0x434d    0xe  Code  Lc  k_mm_blk.o [1]
klist_insert                 0x3ecb    0xe  Code  Lc  k_mutex.o [1]
klist_insert                 0x4511    0xe  Code  Lc  k_pend.o [1]
klist_insert                 0x613f    0xe  Code  Lc  k_queue.o [1]
klist_insert                 0x2b09    0xe  Code  Lc  k_sched.o [1]
klist_insert                 0x5e83    0xe  Code  Lc  k_sem.o [1]
klist_insert                 0x3599    0xe  Code  Lc  k_task.o [1]
klist_insert                 0x2d63    0xe  Code  Lc  k_tick.o [1]
klist_insert                 0x3ad7    0xe  Code  Lc  k_timer.o [1]
klist_rm                     0x3ed9    0xe  Code  Lc  k_mutex.o [1]
klist_rm                     0x451f    0xe  Code  Lc  k_pend.o [1]
klist_rm                     0x614d    0xe  Code  Lc  k_queue.o [1]
klist_rm                     0x2b17    0xe  Code  Lc  k_sched.o [1]
klist_rm                     0x5e91    0xe  Code  Lc  k_sem.o [1]
klist_rm                     0x35a7    0xe  Code  Lc  k_task.o [1]
klist_rm                     0x2d71    0xe  Code  Lc  k_tick.o [1]
klist_rm                     0x3ae5    0xe  Code  Lc  k_timer.o [1]
kobj_list_init               0x2f1b   0x34  Code  Gb  k_stats.o [1]
krhino_add_mm_region         0x31e7   0x88  Code  Gb  k_mm.o [1]
krhino_bitmap_clear          0x2a9b   0x22  Code  Lc  k_sched.o [1]
krhino_bitmap_set            0x2a79   0x22  Code  Lc  k_sched.o [1]
krhino_buf_queue_recv        0x4769  0x140  Code  Gb  k_buf_queue.o [1]
krhino_clz32                 0x2f95   0x40  Code  Lc  k_mm.o [1]
krhino_ctz32                 0x2fd5   0x3a  Code  Lc  k_mm.o [1]
krhino_cur_task_get          0x381d   0x1e  Code  Gb  k_task.o [1]
krhino_find_first_bit        0x2abd   0x46  Code  Lc  k_sched.o [1]
krhino_fix_buf_queue_create
                             0x4753   0x16  Code  Gb  k_buf_queue.o [1]
krhino_init                  0x2913   0x4e  Code  Gb  k_sys.o [1]
krhino_init_mm_head          0x3107   0xe0  Code  Gb  k_mm.o [1]
krhino_intrpt_enter          0x298d   0x24  Code  Gb  k_sys.o [1]
krhino_intrpt_exit           0x29b1   0x78  Code  Gb  k_sys.o [1]
krhino_mblk_alloc            0x43fd   0x4e  Code  Gb  k_mm_blk.o [1]
krhino_mblk_free             0x444b   0x3a  Code  Gb  k_mm_blk.o [1]
krhino_mblk_pool_init        0x435b   0x9c  Code  Gb  k_mm_blk.o [1]
krhino_mutex_create          0x3f3b    0xa  Code  Gb  k_mutex.o [1]
krhino_mutex_del             0x3f67   0x94  Code  Gb  k_mutex.o [1]
krhino_mutex_lock            0x406f  0x15c  Code  Gb  k_mutex.o [1]
krhino_mutex_unlock          0x41cb   0xce  Code  Gb  k_mutex.o [1]
krhino_queue_back_send       0x6317    0xa  Code  Gb  k_queue.o [1]
krhino_queue_create          0x61e7    0xc  Code  Gb  k_queue.o [1]
krhino_queue_del             0x61f3   0x84  Code  Gb  k_queue.o [1]
krhino_queue_recv            0x6321  0x112  Code  Gb  k_queue.o [1]
krhino_sem_create            0x5eef    0xa  Code  Gb  k_sem.o [1]
krhino_sem_del               0x5ef9   0x7c  Code  Gb  k_sem.o [1]
krhino_sem_give              0x6001   0x12  Code  Gb  k_sem.o [1]
krhino_sem_take              0x6013   0xc6  Code  Gb  k_sem.o [1]
krhino_stack_ovf_check       0x2f4f   0x3a  Code  Gb  k_stats.o [1]
krhino_start                 0x2961   0x2c  Code  Gb  k_sys.o [1]
krhino_sys_tick_get          0x2a5d   0x16  Code  Gb  k_time.o [1]
krhino_task_create           0x371d   0x4c  Code  Gb  k_task.o [1]
krhino_task_deathbed         0x3a89   0x16  Code  Gb  k_task.o [1]
krhino_task_del              0x3987  0x102  Code  Gb  k_task.o [1]
krhino_task_sleep            0x3769   0xb4  Code  Gb  k_task.o [1]
krhino_task_stack_min_free
                             0x383b   0x38  Code  Gb  k_task.o [1]
krhino_tick_proc             0x2a51    0xc  Code  Gb  k_time.o [1]
ktimer_init                  0x3d8d   0x44  Code  Gb  k_timer.o [1]
ldexp                        0x7c79         Code  Gb  ldexp.o [3]
ldexpl                       0x7c79         Code  Gb  ldexp.o [3]
localeconv                   0x8185    0x4  Code  Gb  xlocale_c.o [2]
main                         0x9387   0x3c  Code  Gb  main.o [1]
memchr                       0x777d         Code  Gb  memchr.o [4]
msg_send                     0x6277   0xa0  Code  Lc  k_queue.o [1]
mutex_create                 0x3eeb   0x50  Code  Gb  k_mutex.o [1]
mutex_pri_look               0x3ffb   0x50  Code  Gb  k_mutex.o [1]
mutex_release                0x3f45   0x22  Code  Lc  k_mutex.o [1]
mutex_task_pri_reset         0x404b   0x24  Code  Gb  k_mutex.o [1]
obuf                    0x1fff'99b8   0x50  Data  Lc  xfiles.o [2]
parse_arg                    0x64cb   0xd0  Code  Lc  cut.o [1]
pend_list_add                0x452d   0x24  Code  Lc  k_pend.o [1]
pend_list_reorder            0x4641   0x1e  Code  Gb  k_pend.o [1]
pend_state_end_proc          0x465f   0x3c  Code  Gb  k_pend.o [1]
pend_task_rm                 0x45eb   0x52  Code  Gb  k_pend.o [1]
pend_task_wakeup             0x4551   0x52  Code  Gb  k_pend.o [1]
pend_to_blk_obj              0x45a3   0x48  Code  Gb  k_pend.o [1]
pfnNmiCallback          0x1fff'9aa4    0x4  Data  Lc  hc32f46x_exint_nmi_swi.o [1]
preferred_cpu_ready_task_get
                             0x2d35   0x14  Code  Gb  k_sched.o [1]
printf                       0x5e45   0x28  Code  Gb  printf.o [2]
putchar                      0x9aad    0xc  Code  Gb  putchar.o [2]
queue_buf               0x1fff'9804   0x60  Data  Lc  rhino_test_nano.o [1]
queue_create                 0x6169   0x7e  Code  Lc  k_queue.o [1]
ready_list_add               0x2c81   0x32  Code  Gb  k_sched.o [1]
ready_list_add_head          0x2c71    0x8  Code  Gb  k_sched.o [1]
ready_list_add_tail          0x2c79    0x8  Code  Gb  k_sched.o [1]
ready_list_init              0x2bb3   0x40  Code  Lc  k_sched.o [1]
ready_list_rm                0x2cb3   0x82  Code  Gb  k_sched.o [1]
removesize                   0x30ed   0x1a  Code  Lc  k_mm.o [1]
rhino_stack_check_init       0x2911    0x2  Code  Lc  k_sys.o [1]
ringbuf_headlen_compress
                             0x48cf   0x7c  Code  Lc  k_ringbuf.o [1]
ringbuf_headlen_decompress
                             0x494b   0x50  Code  Lc  k_ringbuf.o [1]
ringbuf_init                 0x48b9   0x16  Code  Gb  k_ringbuf.o [1]
ringbuf_is_empty             0x4c4f   0x14  Code  Gb  k_ringbuf.o [1]
ringbuf_is_full              0x4c29   0x26  Code  Gb  k_ringbuf.o [1]
ringbuf_pop                  0x4ad3  0x156  Code  Gb  k_ringbuf.o [1]
ringbuf_push                 0x499b  0x138  Code  Gb  k_ringbuf.o [1]
ringbuf_reset                0x4c63   0x14  Code  Gb  k_ringbuf.o [1]
runqueue_init                0x2b93   0x20  Code  Gb  k_sched.o [1]
scalbln                      0x7c79         Code  Gb  ldexp.o [3]
scalblnl                     0x7c79         Code  Gb  ldexp.o [3]
scalbn                       0x7c79         Code  Gb  ldexp.o [3]
scalbnl                      0x7c79         Code  Gb  ldexp.o [3]
scale                        0x6efb   0x46  Code  Lc  xprintffull_nomb.o [2]
sdk_init                     0x28fd    0x2  Code  Gb  sys_init.o [1]
sec_hand                0x1fff'9af0    0x4  Data  Lc  xfail_s.o [2]
sem_create                   0x5ea3   0x4c  Code  Lc  k_sem.o [1]
sem_give                     0x5f75   0x8c  Code  Lc  k_sem.o [1]
size_to_level                0x3085   0x20  Code  Lc  k_mm.o [1]
soc_err_proc                 0x94d1   0x16  Code  Gb  soc_impl.o [1]
soc_get_cur_sp               0x9481    0x4  Code  Gb  soc_impl.o [1]
soc_print_stack              0x9485   0x4c  Code  Lc  soc_impl.o [1]
sprintf                      0x60e9   0x40  Code  Gb  sprintf.o [2]
stack_buf               0x1fff'9594  0x100  Data  Lc  rhino_test_nano.o [1]
stack_buf_big           0x1fff'8bc0  0x200  Data  Lc  rhino_test_nano.o [1]
strchr                       0x76ed         Code  Gb  strchr.o [4]
strcmp                       0x7671         Code  Gb  strcmp.o [4]
strlen                       0x7745         Code  Gb  strlen.o [4]
strstr                       0x76bb   0x30  Code  Gb  strstr.o [2]
system_clk_init              0x8ff5  0x164  Code  Gb  System_Clk.o [1]
task0                        0x4df3   0x16  Code  Lc  rhino_test_nano.o [1]
task1                        0x5159   0x3c  Code  Lc  rhino_test_nano.o [1]
task2                        0x5195   0x3c  Code  Lc  rhino_test_nano.o [1]
task3                        0x54fb   0x3c  Code  Lc  rhino_test_nano.o [1]
task4                        0x5537   0x3c  Code  Lc  rhino_test_nano.o [1]
task5                        0x58d5   0x38  Code  Lc  rhino_test_nano.o [1]
task6                        0x591d   0x3a  Code  Lc  rhino_test_nano.o [1]
task_create                  0x35b9  0x164  Code  Lc  k_task.o [1]
task_msg_recv                0x615f    0xa  Code  Lc  k_queue.o [1]
task_mutex_free              0x3951   0x36  Code  Lc  k_task.o [1]
task_pri_change              0x3873   0xde  Code  Gb  k_task.o [1]
test_certificate             0x5d6b   0x30  Code  Gb  rhino_test_nano.o [1]
test_task                    0x5c81   0xea  Code  Gb  rhino_test_nano.o [1]
test_task_buf           0x1fff'8720  0x2a0  Data  Lc  rhino_test_nano.o [1]
test_task_obj           0x1fff'9960   0x58  Data  Lc  rhino_test_nano.o [1]
tick_list_init               0x2d7f    0xa  Code  Gb  k_tick.o [1]
tick_list_insert             0x2dc9   0x30  Code  Gb  k_tick.o [1]
tick_list_pri_insert         0x2d89   0x40  Code  Lc  k_tick.o [1]
tick_list_rm                 0x2df9   0x18  Code  Gb  k_tick.o [1]
tick_list_update             0x2e11   0xf4  Code  Gb  k_tick.o [1]
timer_cb_proc                0x3b47   0x80  Code  Lc  k_timer.o [1]
timer_cmd_proc               0x3cad   0x2e  Code  Lc  k_timer.o [1]
timer_list_pri_insert        0x3af3   0x3e  Code  Lc  k_timer.o [1]
timer_list_rm                0x3b31   0x16  Code  Lc  k_timer.o [1]
timer_queue_cb          0x1fff'8fc0  0x1e0  Data  Gb  k_obj.o [1]
timer_task                   0x3cdb   0xb2  Code  Lc  k_timer.o [1]
u32ICG                        0x400   0x20  Data  Gb  hc32f46x_icg.o [1]
usage                        0x64bd    0xe  Code  Lc  cut.o [1]
uwTick                  0x1fff'9aec    0x4  Data  Gb  sys_init.o [1]


[1] = C:\03-githubFiles\HC32F460_Alios_V1.0\IAR\Debug\Obj
[2] = dl7M_tlf.a
[3] = m7M_tls.a
[4] = rt7M_tl.a
[5] = shb_l.a

  37 800 bytes of readonly  code memory
   2 654 bytes of readonly  data memory (+ 32 absolute)
   7 929 bytes of readwrite data memory

Errors: none
Warnings: none
